Godot Engine v4.7.2.stable.mono.official.ed1daf0bf - https://godotengine.org

[Hot Reload Live] ✅ Runtime started — watching D:/GodotHotReload/
[Boundary] static void -> v1
[Boundary] static ret -> v1
[Boundary] static out -> v1
[Boundary] overload(string) -> v1
[Boundary] overload(int) -> v1
[Boundary] generic<String> -> v1, value=hello
[Boundary] generic<Int32> -> v1, value=99
[Boundary] static void -> v1
[Boundary] static ret -> v1
[Boundary] static out -> v1
[Boundary] overload(string) -> v1
[Boundary] overload(int) -> v1
[Boundary] generic<String> -> v1, value=hello
[Boundary] generic<Int32> -> v1, value=99
[Boundary] static void -> v1
[Boundary] static ret -> v1
[Boundary] static out -> v1
[Boundary] overload(string) -> v1
[Boundary] overload(int) -> v1
[Boundary] generic<String> -> v1, value=hello
[Boundary] generic<Int32> -> v1, value=99
[Boundary] static void -> v1
[Boundary] static ret -> v1
[Boundary] static out -> v1
[Boundary] overload(string) -> v1
[Boundary] overload(int) -> v1
[Boundary] generic<String> -> v1, value=hello
[Boundary] generic<Int32> -> v1, value=99
[Boundary] static void -> v1
[Boundary] static ret -> v1
[Boundary] static out -> v1
[Boundary] overload(string) -> v1
[Boundary] overload(int) -> v1
[Boundary] generic<String> -> v1, value=hello
[Boundary] generic<Int32> -> v1, value=99
[Boundary] static void -> v1
[Boundary] static ret -> v1
[Boundary] static out -> v1
[Boundary] overload(string) -> v1
[Boundary] overload(int) -> v1
[Boundary] generic<String> -> v1, value=hello
[Boundary] generic<Int32> -> v1, value=99
[Boundary] static void -> v1
[Boundary] static ret -> v1
[Boundary] static out -> v1
[Boundary] overload(string) -> v1
[Boundary] overload(int) -> v1
[Boundary] generic<String> -> v1, value=hello
[Boundary] generic<Int32> -> v1, value=99
[Boundary] static void -> v1
[Boundary] static ret -> v1
[Boundary] static out -> v1
[Boundary] overload(string) -> v1
[Boundary] overload(int) -> v1
[Boundary] generic<String> -> v1, value=hello
[Boundary] generic<Int32> -> v1, value=99
[Boundary] static void -> v1
[Boundary] static ret -> v1
[Boundary] static out -> v1
[Boundary] overload(string) -> v1
[Boundary] overload(int) -> v1
[Boundary] generic<String> -> v1, value=hello
[Boundary] generic<Int32> -> v1, value=99
[Boundary] static void -> v1
[Boundary] static ret -> v1
[Boundary] static out -> v1
[Boundary] overload(string) -> v1
[Boundary] overload(int) -> v1
[Boundary] generic<String> -> v1, value=hello
[Boundary] generic<Int32> -> v1, value=99
[Boundary] Round=10: all calls completed
[Boundary] static void -> v1
[Boundary] static ret -> v1
[Boundary] static out -> v1
[Boundary] overload(string) -> v1
[Boundary] overload(int) -> v1
[Boundary] generic<String> -> v1, value=hello
[Boundary] generic<Int32> -> v1, value=99
[Boundary] static void -> v1
[Boundary] static ret -> v1
[Boundary] static out -> v1
[Boundary] overload(string) -> v1
[Boundary] overload(int) -> v1
[Boundary] generic<String> -> v1, value=hello
[Boundary] generic<Int32> -> v1, value=99
[Boundary] static void -> v1
[Boundary] static ret -> v1
[Boundary] static out -> v1
[Boundary] overload(string) -> v1
[Boundary] overload(int) -> v1
[Boundary] generic<String> -> v1, value=hello
[Boundary] generic<Int32> -> v1, value=99
[Boundary] static void -> v1
[Boundary] static ret -> v1
[Boundary] static out -> v1
[Boundary] overload(string) -> v1
[Boundary] overload(int) -> v1
[Boundary] generic<String> -> v1, value=hello
[Boundary] generic<Int32> -> v1, value=99
[Boundary] static void -> v1
[Boundary] static ret -> v1
[Boundary] static out -> v1
[Boundary] overload(string) -> v1
[Boundary] overload(int) -> v1
[Boundary] generic<String> -> v1, value=hello
[Boundary] generic<Int32> -> v1, value=99
[Boundary] static void -> v1
[Boundary] static ret -> v1
[Boundary] static out -> v1
[Boundary] overload(string) -> v1
[Boundary] overload(int) -> v1
[Boundary] generic<String> -> v1, value=hello
[Boundary] generic<Int32> -> v1, value=99
[Boundary] static void -> v1
[Boundary] static ret -> v1
[Boundary] static out -> v1
[Boundary] overload(string) -> v1
[Boundary] overload(int) -> v1
[Boundary] generic<String> -> v1, value=hello
[Boundary] generic<Int32> -> v1, value=99
[Boundary] static void -> v1
[Boundary] static ret -> v1
[Boundary] static out -> v1
[Boundary] overload(string) -> v1
[Boundary] overload(int) -> v1
[Boundary] generic<String> -> v1, value=hello
[Boundary] generic<Int32> -> v1, value=99
[Boundary] static void -> v1
[Boundary] static ret -> v1
[Boundary] static out -> v1
[Boundary] overload(string) -> v1
[Boundary] overload(int) -> v1
[Boundary] generic<String> -> v1, value=hello
[Boundary] generic<Int32> -> v1, value=99
[Boundary] static void -> v1
[Boundary] static ret -> v1
[Boundary] static out -> v1
[Boundary] overload(string) -> v1
[Boundary] overload(int) -> v1
[Boundary] generic<String> -> v1, value=hello
[Boundary] generic<Int32> -> v1, value=99
[Boundary] Round=20: all calls completed
[Boundary] static void -> v1
[Boundary] static ret -> v1
[Boundary] static out -> v1
[Boundary] overload(string) -> v1
[Boundary] overload(int) -> v1
[Boundary] generic<String> -> v1, value=hello
[Boundary] generic<Int32> -> v1, value=99
[Boundary] static void -> v1
[Boundary] static ret -> v1
[Boundary] static out -> v1
[Boundary] overload(string) -> v1
[Boundary] overload(int) -> v1
[Boundary] generic<String> -> v1, value=hello
[Boundary] generic<Int32> -> v1, value=99
[Boundary] static void -> v1
[Boundary] static ret -> v1
[Boundary] static out -> v1
[Boundary] overload(string) -> v1
[Boundary] overload(int) -> v1
[Boundary] generic<String> -> v1, value=hello
[Boundary] generic<Int32> -> v1, value=99
[Boundary] static void -> v1
[Boundary] static ret -> v1
[Boundary] static out -> v1
[Boundary] overload(string) -> v1
[Boundary] overload(int) -> v1
[Boundary] generic<String> -> v1, value=hello
[Boundary] generic<Int32> -> v1, value=99
[Boundary] static void -> v1
[Boundary] static ret -> v1
[Boundary] static out -> v1
[Boundary] overload(string) -> v1
[Boundary] overload(int) -> v1
[Boundary] generic<String> -> v1, value=hello
[Boundary] generic<Int32> -> v1, value=99
[Boundary] static void -> v1
[Boundary] static ret -> v1
[Boundary] static out -> v1
[Boundary] overload(string) -> v1
[Boundary] overload(int) -> v1
[Boundary] generic<String> -> v1, value=hello
[Boundary] generic<Int32> -> v1, value=99
[Boundary] static void -> v1
[Boundary] static ret -> v1
[Boundary] static out -> v1
[Boundary] overload(string) -> v1
[Boundary] overload(int) -> v1
[Boundary] generic<String> -> v1, value=hello
[Boundary] generic<Int32> -> v1, value=99
[Boundary] static void -> v1
[Boundary] static ret -> v1
[Boundary] static out -> v1
[Boundary] overload(string) -> v1
[Boundary] overload(int) -> v1
[Boundary] generic<String> -> v1, value=hello
[Boundary] generic<Int32> -> v1, value=99
[Boundary] static void -> v1
[Boundary] static ret -> v1
[Boundary] static out -> v1
[Boundary] overload(string) -> v1
[Boundary] overload(int) -> v1
[Boundary] generic<String> -> v1, value=hello
[Boundary] generic<Int32> -> v1, value=99
[Boundary] static void -> v1
[Boundary] static ret -> v1
[Boundary] static out -> v1
[Boundary] overload(string) -> v1
[Boundary] overload(int) -> v1
[Boundary] generic<String> -> v1, value=hello
[Boundary] generic<Int32> -> v1, value=99
[Boundary] Round=30: all calls completed
[Boundary] static void -> v1
[Boundary] static ret -> v1
[Boundary] static out -> v1
[Boundary] overload(string) -> v1
[Boundary] overload(int) -> v1
[Boundary] generic<String> -> v1, value=hello
[Boundary] generic<Int32> -> v1, value=99
[Boundary] static void -> v1
[Boundary] static ret -> v1
[Boundary] static out -> v1
[Boundary] overload(string) -> v1
[Boundary] overload(int) -> v1
[Boundary] generic<String> -> v1, value=hello
[Boundary] generic<Int32> -> v1, value=99
[Boundary] static void -> v1
[Boundary] static ret -> v1
[Boundary] static out -> v1
[Boundary] overload(string) -> v1
[Boundary] overload(int) -> v1
[Boundary] generic<String> -> v1, value=hello
[Boundary] generic<Int32> -> v1, value=99
[Boundary] static void -> v1
[Boundary] static ret -> v1
[Boundary] static out -> v1
[Boundary] overload(string) -> v1
[Boundary] overload(int) -> v1
[Boundary] generic<String> -> v1, value=hello
[Boundary] generic<Int32> -> v1, value=99
[Boundary] static void -> v1
[Boundary] static ret -> v1
[Boundary] static out -> v1
[Boundary] overload(string) -> v1
[Boundary] overload(int) -> v1
[Boundary] generic<String> -> v1, value=hello
[Boundary] generic<Int32> -> v1, value=99
[Boundary] static void -> v1
[Boundary] static ret -> v1
[Boundary] static out -> v1
[Boundary] overload(string) -> v1
[Boundary] overload(int) -> v1
[Boundary] generic<String> -> v1, value=hello
[Boundary] generic<Int32> -> v1, value=99
[Boundary] static void -> v1
[Boundary] static ret -> v1
[Boundary] static out -> v1
[Boundary] overload(string) -> v1
[Boundary] overload(int) -> v1
[Boundary] generic<String> -> v1, value=hello
[Boundary] generic<Int32> -> v1, value=99
[Boundary] static void -> v1
[Boundary] static ret -> v1
[Boundary] static out -> v1
[Boundary] overload(string) -> v1
[Boundary] overload(int) -> v1
[Boundary] generic<String> -> v1, value=hello
[Boundary] generic<Int32> -> v1, value=99
[Boundary] static void -> v1
[Boundary] static ret -> v1
[Boundary] static out -> v1
[Boundary] overload(string) -> v1
[Boundary] overload(int) -> v1
[Boundary] generic<String> -> v1, value=hello
[Boundary] generic<Int32> -> v1, value=99
[Boundary] static void -> v1
[Boundary] static ret -> v1
[Boundary] static out -> v1
[Boundary] overload(string) -> v1
[Boundary] overload(int) -> v1
[Boundary] generic<String> -> v1, value=hello
[Boundary] generic<Int32> -> v1, value=99
[Boundary] Round=40: all calls completed
[Boundary] static void -> v1
[Boundary] static ret -> v1
[Boundary] static out -> v1
[Boundary] overload(string) -> v1
[Boundary] overload(int) -> v1
[Boundary] generic<String> -> v1, value=hello
[Boundary] generic<Int32> -> v1, value=99
[Boundary] static void -> v1
[Boundary] static ret -> v1
[Boundary] static out -> v1
[Boundary] overload(string) -> v1
[Boundary] overload(int) -> v1
[Boundary] generic<String> -> v1, value=hello
[Boundary] generic<Int32> -> v1, value=99
[Boundary] static void -> v1
[Boundary] static ret -> v1
[Boundary] static out -> v1
[Boundary] overload(string) -> v1
[Boundary] overload(int) -> v1
[Boundary] generic<String> -> v1, value=hello
[Boundary] generic<Int32> -> v1, value=99
[Boundary] static void -> v1
[Boundary] static ret -> v1
[Boundary] static out -> v1
[Boundary] overload(string) -> v1
[Boundary] overload(int) -> v1
[Boundary] generic<String> -> v1, value=hello
[Boundary] generic<Int32> -> v1, value=99
[Boundary] static void -> v1
[Boundary] static ret -> v1
[Boundary] static out -> v1
[Boundary] overload(string) -> v1
[Boundary] overload(int) -> v1
[Boundary] generic<String> -> v1, value=hello
[Boundary] generic<Int32> -> v1, value=99
[Boundary] static void -> v1
[Boundary] static ret -> v1
[Boundary] static out -> v1
[Boundary] overload(string) -> v1
[Boundary] overload(int) -> v1
[Boundary] generic<String> -> v1, value=hello
[Boundary] generic<Int32> -> v1, value=99
[Boundary] static void -> v1
[Boundary] static ret -> v1
[Boundary] static out -> v1
[Boundary] overload(string) -> v1
[Boundary] overload(int) -> v1
[Boundary] generic<String> -> v1, value=hello
[Boundary] generic<Int32> -> v1, value=99
[Boundary] static void -> v1
[Boundary] static ret -> v1
[Boundary] static out -> v1
[Boundary] overload(string) -> v1
[Boundary] overload(int) -> v1
[Boundary] generic<String> -> v1, value=hello
[Boundary] generic<Int32> -> v1, value=99
[Boundary] static void -> v1
[Boundary] static ret -> v1
[Boundary] static out -> v1
[Boundary] overload(string) -> v1
[Boundary] overload(int) -> v1
[Boundary] generic<String> -> v1, value=hello
[Boundary] generic<Int32> -> v1, value=99
[Boundary] static void -> v1
[Boundary] static ret -> v1
[Boundary] static out -> v1
[Boundary] overload(string) -> v1
[Boundary] overload(int) -> v1
[Boundary] generic<String> -> v1, value=hello
[Boundary] generic<Int32> -> v1, value=99
[Boundary] Round=50: all calls completed
[Boundary] static void -> v1
[Boundary] static ret -> v1
[Boundary] static out -> v1
[Boundary] overload(string) -> v1
[Boundary] overload(int) -> v1
[Boundary] generic<String> -> v1, value=hello
[Boundary] generic<Int32> -> v1, value=99
[Boundary] static void -> v1
[Boundary] static ret -> v1
[Boundary] static out -> v1
[Boundary] overload(string) -> v1
[Boundary] overload(int) -> v1
[Boundary] generic<String> -> v1, value=hello
[Boundary] generic<Int32> -> v1, value=99
[Boundary] static void -> v1
[Boundary] static ret -> v1
[Boundary] static out -> v1
[Boundary] overload(string) -> v1
[Boundary] overload(int) -> v1
[Boundary] generic<String> -> v1, value=hello
[Boundary] generic<Int32> -> v1, value=99
[Boundary] static void -> v1
[Boundary] static ret -> v1
[Boundary] static out -> v1
[Boundary] overload(string) -> v1
[Boundary] overload(int) -> v1
[Boundary] generic<String> -> v1, value=hello
[Boundary] generic<Int32> -> v1, value=99
[Boundary] static void -> v1
[Boundary] static ret -> v1
[Boundary] static out -> v1
[Boundary] overload(string) -> v1
[Boundary] overload(int) -> v1
[Boundary] generic<String> -> v1, value=hello
[Boundary] generic<Int32> -> v1, value=99
[Boundary] static void -> v1
[Boundary] static ret -> v1
[Boundary] static out -> v1
[Boundary] overload(string) -> v1
[Boundary] overload(int) -> v1
[Boundary] generic<String> -> v1, value=hello
[Boundary] generic<Int32> -> v1, value=99
[Boundary] static void -> v1
[Boundary] static ret -> v1
[Boundary] static out -> v1
[Boundary] overload(string) -> v1
[Boundary] overload(int) -> v1
[Boundary] generic<String> -> v1, value=hello
[Boundary] generic<Int32> -> v1, value=99
[Boundary] static void -> v1
[Boundary] static ret -> v1
[Boundary] static out -> v1
[Boundary] overload(string) -> v1
[Boundary] overload(int) -> v1
[Boundary] generic<String> -> v1, value=hello
[Boundary] generic<Int32> -> v1, value=99
[Boundary] static void -> v1
[Boundary] static ret -> v1
[Boundary] static out -> v1
[Boundary] overload(string) -> v1
[Boundary] overload(int) -> v1
[Boundary] generic<String> -> v1, value=hello
[Boundary] generic<Int32> -> v1, value=99
[Boundary] static void -> v1
[Boundary] static ret -> v1
[Boundary] static out -> v1
[Boundary] overload(string) -> v1
[Boundary] overload(int) -> v1
[Boundary] generic<String> -> v1, value=hello
[Boundary] generic<Int32> -> v1, value=99
[Boundary] Round=60: all calls completed
[Boundary] static void -> v1
[Boundary] static ret -> v1
[Boundary] static out -> v1
[Boundary] overload(string) -> v1
[Boundary] overload(int) -> v1
[Boundary] generic<String> -> v1, value=hello
[Boundary] generic<Int32> -> v1, value=99
[Boundary] static void -> v1
[Boundary] static ret -> v1
[Boundary] static out -> v1
[Boundary] overload(string) -> v1
[Boundary] overload(int) -> v1
[Boundary] generic<String> -> v1, value=hello
[Boundary] generic<Int32> -> v1, value=99
[Boundary] static void -> v1
[Boundary] static ret -> v1
[Boundary] static out -> v1
[Boundary] overload(string) -> v1
[Boundary] overload(int) -> v1
[Boundary] generic<String> -> v1, value=hello
[Boundary] generic<Int32> -> v1, value=99
[Boundary] static void -> v1
[Boundary] static ret -> v1
[Boundary] static out -> v1
[Boundary] overload(string) -> v1
[Boundary] overload(int) -> v1
[Boundary] generic<String> -> v1, value=hello
[Boundary] generic<Int32> -> v1, value=99
[Boundary] static void -> v1
[Boundary] static ret -> v1
[Boundary] static out -> v1
[Boundary] overload(string) -> v1
[Boundary] overload(int) -> v1
[Boundary] generic<String> -> v1, value=hello
[Boundary] generic<Int32> -> v1, value=99
[Boundary] static void -> v1
[Boundary] static ret -> v1
[Boundary] static out -> v1
[Boundary] overload(string) -> v1
[Boundary] overload(int) -> v1
[Boundary] generic<String> -> v1, value=hello
[Boundary] generic<Int32> -> v1, value=99
[Boundary] static void -> v1
[Boundary] static ret -> v1
[Boundary] static out -> v1
[Boundary] overload(string) -> v1
[Boundary] overload(int) -> v1
[Boundary] generic<String> -> v1, value=hello
[Boundary] generic<Int32> -> v1, value=99
[Boundary] static void -> v1
[Boundary] static ret -> v1
[Boundary] static out -> v1
[Boundary] overload(string) -> v1
[Boundary] overload(int) -> v1
[Boundary] generic<String> -> v1, value=hello
[Boundary] generic<Int32> -> v1, value=99
[Boundary] static void -> v1
[Boundary] static ret -> v1
[Boundary] static out -> v1
[Boundary] overload(string) -> v1
[Boundary] overload(int) -> v1
[Boundary] generic<String> -> v1, value=hello
[Boundary] generic<Int32> -> v1, value=99
[Boundary] static void -> v1
[Boundary] static ret -> v1
[Boundary] static out -> v1
[Boundary] overload(string) -> v1
[Boundary] overload(int) -> v1
[Boundary] generic<String> -> v1, value=hello
[Boundary] generic<Int32> -> v1, value=99
[Boundary] Round=70: all calls completed
[Boundary] static void -> v1
[Boundary] static ret -> v1
[Boundary] static out -> v1
[Boundary] overload(string) -> v1
[Boundary] overload(int) -> v1
[Boundary] generic<String> -> v1, value=hello
[Boundary] generic<Int32> -> v1, value=99
[Boundary] static void -> v1
[Boundary] static ret -> v1
[Boundary] static out -> v1
[Boundary] overload(string) -> v1
[Boundary] overload(int) -> v1
[Boundary] generic<String> -> v1, value=hello
[Boundary] generic<Int32> -> v1, value=99
[Boundary] static void -> v1
[Boundary] static ret -> v1
[Boundary] static out -> v1
[Boundary] overload(string) -> v1
[Boundary] overload(int) -> v1
[Boundary] generic<String> -> v1, value=hello
[Boundary] generic<Int32> -> v1, value=99
[Boundary] static void -> v1
[Boundary] static ret -> v1
[Boundary] static out -> v1
[Boundary] overload(string) -> v1
[Boundary] overload(int) -> v1
[Boundary] generic<String> -> v1, value=hello
[Boundary] generic<Int32> -> v1, value=99
[Boundary] static void -> v1
[Boundary] static ret -> v1
[Boundary] static out -> v1
[Boundary] overload(string) -> v1
[Boundary] overload(int) -> v1
[Boundary] generic<String> -> v1, value=hello
[Boundary] generic<Int32> -> v1, value=99
[Boundary] static void -> v1
[Boundary] static ret -> v1
[Boundary] static out -> v1
[Boundary] overload(string) -> v1
[Boundary] overload(int) -> v1
[Boundary] generic<String> -> v1, value=hello
[Boundary] generic<Int32> -> v1, value=99
[Boundary] static void -> v1
[Boundary] static ret -> v1
[Boundary] static out -> v1
[Boundary] overload(string) -> v1
[Boundary] overload(int) -> v1
[Boundary] generic<String> -> v1, value=hello
[Boundary] generic<Int32> -> v1, value=99
[Boundary] static void -> v1
[Boundary] static ret -> v1
[Boundary] static out -> v1
[Boundary] overload(string) -> v1
[Boundary] overload(int) -> v1
[Boundary] generic<String> -> v1, value=hello
[Boundary] generic<Int32> -> v1, value=99
[Boundary] static void -> v1
[Boundary] static ret -> v1
[Boundary] static out -> v1
[Boundary] overload(string) -> v1
[Boundary] overload(int) -> v1
[Boundary] generic<String> -> v1, value=hello
[Boundary] generic<Int32> -> v1, value=99
[Boundary] static void -> v1
[Boundary] static ret -> v1
[Boundary] static out -> v1
[Boundary] overload(string) -> v1
[Boundary] overload(int) -> v1
[Boundary] generic<String> -> v1, value=hello
[Boundary] generic<Int32> -> v1, value=99
[Boundary] Round=80: all calls completed
[Boundary] static void -> v1
[Boundary] static ret -> v1
[Boundary] static out -> v1
[Boundary] overload(string) -> v1
[Boundary] overload(int) -> v1
[Boundary] generic<String> -> v1, value=hello
[Boundary] generic<Int32> -> v1, value=99
[Boundary] static void -> v1
[Boundary] static ret -> v1
[Boundary] static out -> v1
[Boundary] overload(string) -> v1
[Boundary] overload(int) -> v1
[Boundary] generic<String> -> v1, value=hello
[Boundary] generic<Int32> -> v1, value=99
[Boundary] static void -> v1
[Boundary] static ret -> v1
[Boundary] static out -> v1
[Boundary] overload(string) -> v1
[Boundary] overload(int) -> v1
[Boundary] generic<String> -> v1, value=hello
[Boundary] generic<Int32> -> v1, value=99
[Boundary] static void -> v1
[Boundary] static ret -> v1
[Boundary] static out -> v1
[Boundary] overload(string) -> v1
[Boundary] overload(int) -> v1
[Boundary] generic<String> -> v1, value=hello
[Boundary] generic<Int32> -> v1, value=99
[Boundary] static void -> v1
[Boundary] static ret -> v1
[Boundary] static out -> v1
[Boundary] overload(string) -> v1
[Boundary] overload(int) -> v1
[Boundary] generic<String> -> v1, value=hello
[Boundary] generic<Int32> -> v1, value=99
[Boundary] static void -> v1
[Boundary] static ret -> v1
[Boundary] static out -> v1
[Boundary] overload(string) -> v1
[Boundary] overload(int) -> v1
[Boundary] generic<String> -> v1, value=hello
[Boundary] generic<Int32> -> v1, value=99
[Hot Reload Live] Changed: BoundaryDemo.cs
[Hot Reload Live] Changed: BoundaryDemo.cs
[Boundary] static void -> v1
[Boundary] static ret -> v1
[Boundary] static out -> v1
[Boundary] overload(string) -> v1
[Boundary] overload(int) -> v1
[Boundary] generic<String> -> v1, value=hello
[Boundary] generic<Int32> -> v1, value=99
[Boundary] static void -> v1
[Boundary] static ret -> v1
[Boundary] static out -> v1
[Boundary] overload(string) -> v1
[Boundary] overload(int) -> v1
[Boundary] generic<String> -> v1, value=hello
[Boundary] generic<Int32> -> v1, value=99
[Hot Reload Live] 📦 Building v1 …
[Hot Reload Live] 📂 Built: D:/GodotHotReload/.hotswap/v1/GodotHotReload.dll
[Hot Reload Live] 🔍 Old static methods: 6 / New: 6
[Hot Reload Live] ✅ Patched: BoundaryDemo.StaticGreet
[Hot Reload Live] ✅ Patched: BoundaryDemo.StaticAdd
[Hot Reload Live] ✅ Patched: BoundaryDemo.StaticOutTest
[Hot Reload Live] ✅ Patched: BoundaryDemo.StaticOverload
[Hot Reload Live] ✅ Patched: BoundaryDemo.StaticOverload
Godot_v4.7.2-stable_mono_win64_console.exe : ERROR: [Hot Reload Live] ❌ Patch failed StaticGeneric: Specified method is
 not supported.
At line:15 char:3097
+ ... pgrep\bin'; & "D:\Godot\Godot_v4.7.2-stable_mono_win64\Godot_v4.7.2-s ...
+                 ~~~~~~~~~~~~~~~~~~~~~~~~~~~~~~~~~~~~~~~~~~~~~~~~~~~~~~~~~
    + CategoryInfo          : NotSpecified: (ERROR: [Hot Rel... not supported.:String) [], RemoteException
    + FullyQualifiedErrorId : NativeCommandError
 
   at: void GodotHotReload.HotReloadRuntime.ApplyPatch(System.Reflection.Assembly) (res://src/HotReloadRuntime.cs:293)
   C# backtrace (most recent call first):
       [0] void Godot.GD.PushError(string) (/root/godot/modules/mono/glue/GodotSharp/GodotSharp/Core/GD.cs:366)
       [1] void GodotHotReload.HotReloadRuntime.ApplyPatch(System.Reflection.Assembly) (D:\GodotHotReload\src\HotReload
Runtime.cs:293)
       [2] void GodotHotReload.HotReloadRuntime.CompileLoadPatch() (D:\GodotHotReload\src\HotReloadRuntime.cs:228)
       [3] void GodotHotReload.HotReloadRuntime._Process(double) (D:\GodotHotReload\src\HotReloadRuntime.cs:132)
       [4] bool Godot.Node.InvokeGodotClassMethod(Godot.NativeInterop.godot_string_name&, Godot.NativeInterop.NativeVar
iantPtrArgs, Godot.NativeInterop.godot_variant&) (/root/godot/modules/mono/glue/GodotSharp/GodotSharp/Generated/GodotOb
jects/Node.cs:2654)
       [5] bool GodotHotReload.HotReloadRuntime.InvokeGodotClassMethod(Godot.NativeInterop.godot_string_name&, Godot.Na
tiveInterop.NativeVariantPtrArgs, Godot.NativeInterop.godot_variant&) (D:\GodotHotReload\.godot\mono\temp\obj\Debug\God
ot.SourceGenerators\Godot.SourceGenerators.ScriptMethodsGenerator\GodotHotReload.HotReloadRuntime_ScriptMethods.generat
ed.cs:110)
       [6] Godot.NativeInterop.godot_bool Godot.Bridge.CSharpInstanceBridge.Call(nint, Godot.NativeInterop.godot_string
_name*, Godot.NativeInterop.godot_variant**, int, Godot.NativeInterop.godot_variant_call_error*, Godot.NativeInterop.go
dot_variant*) (/root/godot/modules/mono/glue/GodotSharp/GodotSharp/Core/Bridge/CSharpInstanceBridge.cs:24)
[Hot Reload Live] 🎉 v1: 5 new / 0 updated / 1 failed
[Boundary] static void -> v2
[Boundary] static ret -> v2
[Boundary] static out -> v2
[Boundary] overload(string) -> v2
[Boundary] overload(int) -> v2
[Boundary] generic<String> -> v1, value=hello
[Boundary] generic<Int32> -> v1, value=99
[Boundary] static void -> v2
[Boundary] static ret -> v2
[Boundary] static out -> v2
[Boundary] overload(string) -> v2
[Boundary] overload(int) -> v2
[Boundary] generic<String> -> v1, value=hello
[Boundary] generic<Int32> -> v1, value=99
[Boundary] Round=90: all calls completed
[Boundary] static void -> v2
[Boundary] static ret -> v2
[Boundary] static out -> v2
[Boundary] overload(string) -> v2
[Boundary] overload(int) -> v2
[Boundary] generic<String> -> v1, value=hello
[Boundary] generic<Int32> -> v1, value=99
[Boundary] static void -> v2
[Boundary] static ret -> v2
[Boundary] static out -> v2
[Boundary] overload(string) -> v2
[Boundary] overload(int) -> v2
[Boundary] generic<String> -> v1, value=hello
[Boundary] generic<Int32> -> v1, value=99
[Boundary] static void -> v2
[Boundary] static ret -> v2
[Boundary] static out -> v2
[Boundary] overload(string) -> v2
[Boundary] overload(int) -> v2
[Boundary] generic<String> -> v1, value=hello
[Boundary] generic<Int32> -> v1, value=99
[Boundary] static void -> v2
[Boundary] static ret -> v2
[Boundary] static out -> v2
[Boundary] overload(string) -> v2
[Boundary] overload(int) -> v2
[Boundary] generic<String> -> v1, value=hello
[Boundary] generic<Int32> -> v1, value=99
[Boundary] static void -> v2
[Boundary] static ret -> v2
[Boundary] static out -> v2
[Boundary] overload(string) -> v2
[Boundary] overload(int) -> v2
[Boundary] generic<String> -> v1, value=hello
[Boundary] generic<Int32> -> v1, value=99
[Boundary] static void -> v2
[Boundary] static ret -> v2
[Boundary] static out -> v2
[Boundary] overload(string) -> v2
[Boundary] overload(int) -> v2
[Boundary] generic<String> -> v1, value=hello
[Boundary] generic<Int32> -> v1, value=99
[Boundary] static void -> v2
[Boundary] static ret -> v2
[Boundary] static out -> v2
[Boundary] overload(string) -> v2
[Boundary] overload(int) -> v2
[Boundary] generic<String> -> v1, value=hello
[Boundary] generic<Int32> -> v1, value=99
[Boundary] static void -> v2
[Boundary] static ret -> v2
[Boundary] static out -> v2
[Boundary] overload(string) -> v2
[Boundary] overload(int) -> v2
[Boundary] generic<String> -> v1, value=hello
[Boundary] generic<Int32> -> v1, value=99
[Boundary] static void -> v2
[Boundary] static ret -> v2
[Boundary] static out -> v2
[Boundary] overload(string) -> v2
[Boundary] overload(int) -> v2
[Boundary] generic<String> -> v1, value=hello
[Boundary] generic<Int32> -> v1, value=99
[Boundary] static void -> v2
[Boundary] static ret -> v2
[Boundary] static out -> v2
[Boundary] overload(string) -> v2
[Boundary] overload(int) -> v2
[Boundary] generic<String> -> v1, value=hello
[Boundary] generic<Int32> -> v1, value=99
[Boundary] Round=100: all calls completed
[Boundary] static void -> v2
[Boundary] static ret -> v2
[Boundary] static out -> v2
[Boundary] overload(string) -> v2
[Boundary] overload(int) -> v2
[Boundary] generic<String> -> v1, value=hello
[Boundary] generic<Int32> -> v1, value=99
[Boundary] static void -> v2
[Boundary] static ret -> v2
[Boundary] static out -> v2
[Boundary] overload(string) -> v2
[Boundary] overload(int) -> v2
[Boundary] generic<String> -> v1, value=hello
[Boundary] generic<Int32> -> v1, value=99
[Boundary] static void -> v2
[Boundary] static ret -> v2
[Boundary] static out -> v2
[Boundary] overload(string) -> v2
[Boundary] overload(int) -> v2
[Boundary] generic<String> -> v1, value=hello
[Boundary] generic<Int32> -> v1, value=99
[Boundary] static void -> v2
[Boundary] static ret -> v2
[Boundary] static out -> v2
[Boundary] overload(string) -> v2
[Boundary] overload(int) -> v2
[Boundary] generic<String> -> v1, value=hello
[Boundary] generic<Int32> -> v1, value=99
[Boundary] static void -> v2
[Boundary] static ret -> v2
[Boundary] static out -> v2
[Boundary] overload(string) -> v2
[Boundary] overload(int) -> v2
[Boundary] generic<String> -> v1, value=hello
[Boundary] generic<Int32> -> v1, value=99
[Boundary] static void -> v2
[Boundary] static ret -> v2
[Boundary] static out -> v2
[Boundary] overload(string) -> v2
[Boundary] overload(int) -> v2
[Boundary] generic<String> -> v1, value=hello
[Boundary] generic<Int32> -> v1, value=99
[Boundary] static void -> v2
[Boundary] static ret -> v2
[Boundary] static out -> v2
[Boundary] overload(string) -> v2
[Boundary] overload(int) -> v2
[Boundary] generic<String> -> v1, value=hello
[Boundary] generic<Int32> -> v1, value=99
[Boundary] static void -> v2
[Boundary] static ret -> v2
[Boundary] static out -> v2
[Boundary] overload(string) -> v2
[Boundary] overload(int) -> v2
[Boundary] generic<String> -> v1, value=hello
[Boundary] generic<Int32> -> v1, value=99
[Boundary] static void -> v2
[Boundary] static ret -> v2
[Boundary] static out -> v2
[Boundary] overload(string) -> v2
[Boundary] overload(int) -> v2
[Boundary] generic<String> -> v1, value=hello
[Boundary] generic<Int32> -> v1, value=99
[Boundary] static void -> v2
[Boundary] static ret -> v2
[Boundary] static out -> v2
[Boundary] overload(string) -> v2
[Boundary] overload(int) -> v2
[Boundary] generic<String> -> v1, value=hello
[Boundary] generic<Int32> -> v1, value=99
[Boundary] Round=110: all calls completed
[Boundary] static void -> v2
[Boundary] static ret -> v2
[Boundary] static out -> v2
[Boundary] overload(string) -> v2
[Boundary] overload(int) -> v2
[Boundary] generic<String> -> v1, value=hello
[Boundary] generic<Int32> -> v1, value=99
[Boundary] static void -> v2
[Boundary] static ret -> v2
[Boundary] static out -> v2
[Boundary] overload(string) -> v2
[Boundary] overload(int) -> v2
[Boundary] generic<String> -> v1, value=hello
[Boundary] generic<Int32> -> v1, value=99
[Boundary] static void -> v2
[Boundary] static ret -> v2
[Boundary] static out -> v2
[Boundary] overload(string) -> v2
[Boundary] overload(int) -> v2
[Boundary] generic<String> -> v1, value=hello
[Boundary] generic<Int32> -> v1, value=99
[Boundary] static void -> v2
[Boundary] static ret -> v2
[Boundary] static out -> v2
[Boundary] overload(string) -> v2
[Boundary] overload(int) -> v2
[Boundary] generic<String> -> v1, value=hello
[Boundary] generic<Int32> -> v1, value=99
[Boundary] static void -> v2
[Boundary] static ret -> v2
[Boundary] static out -> v2
[Boundary] overload(string) -> v2
[Boundary] overload(int) -> v2
[Boundary] generic<String> -> v1, value=hello
[Boundary] generic<Int32> -> v1, value=99
[Boundary] static void -> v2
[Boundary] static ret -> v2
[Boundary] static out -> v2
[Boundary] overload(string) -> v2
[Boundary] overload(int) -> v2
[Boundary] generic<String> -> v1, value=hello
[Boundary] generic<Int32> -> v1, value=99
[Boundary] static void -> v2
[Boundary] static ret -> v2
[Boundary] static out -> v2
[Boundary] overload(string) -> v2
[Boundary] overload(int) -> v2
[Boundary] generic<String> -> v1, value=hello
[Boundary] generic<Int32> -> v1, value=99
[Boundary] static void -> v2
[Boundary] static ret -> v2
[Boundary] static out -> v2
[Boundary] overload(string) -> v2
[Boundary] overload(int) -> v2
[Boundary] generic<String> -> v1, value=hello
[Boundary] generic<Int32> -> v1, value=99
[Boundary] static void -> v2
[Boundary] static ret -> v2
[Boundary] static out -> v2
[Boundary] overload(string) -> v2
[Boundary] overload(int) -> v2
[Boundary] generic<String> -> v1, value=hello
[Boundary] generic<Int32> -> v1, value=99
[Boundary] static void -> v2
[Boundary] static ret -> v2
[Boundary] static out -> v2
[Boundary] overload(string) -> v2
[Boundary] overload(int) -> v2
[Boundary] generic<String> -> v1, value=hello
[Boundary] generic<Int32> -> v1, value=99
[Boundary] Round=120: all calls completed
[Boundary] static void -> v2
[Boundary] static ret -> v2
[Boundary] static out -> v2
[Boundary] overload(string) -> v2
[Boundary] overload(int) -> v2
[Boundary] generic<String> -> v1, value=hello
[Boundary] generic<Int32> -> v1, value=99
[Boundary] static void -> v2
[Boundary] static ret -> v2
[Boundary] static out -> v2
[Boundary] overload(string) -> v2
[Boundary] overload(int) -> v2
[Boundary] generic<String> -> v1, value=hello
[Boundary] generic<Int32> -> v1, value=99
[Boundary] static void -> v2
[Boundary] static ret -> v2
[Boundary] static out -> v2
[Boundary] overload(string) -> v2
[Boundary] overload(int) -> v2
[Boundary] generic<String> -> v1, value=hello
[Boundary] generic<Int32> -> v1, value=99
[Boundary] static void -> v2
[Boundary] static ret -> v2
[Boundary] static out -> v2
[Boundary] overload(string) -> v2
[Boundary] overload(int) -> v2
[Boundary] generic<String> -> v1, value=hello
[Boundary] generic<Int32> -> v1, value=99
[Boundary] static void -> v2
[Boundary] static ret -> v2
[Boundary] static out -> v2
[Boundary] overload(string) -> v2
[Boundary] overload(int) -> v2
[Boundary] generic<String> -> v1, value=hello
[Boundary] generic<Int32> -> v1, value=99
[Boundary] static void -> v2
[Boundary] static ret -> v2
[Boundary] static out -> v2
[Boundary] overload(string) -> v2
[Boundary] overload(int) -> v2
[Boundary] generic<String> -> v1, value=hello
[Boundary] generic<Int32> -> v1, value=99
[Boundary] static void -> v2
[Boundary] static ret -> v2
[Boundary] static out -> v2
[Boundary] overload(string) -> v2
[Boundary] overload(int) -> v2
[Boundary] generic<String> -> v1, value=hello
[Boundary] generic<Int32> -> v1, value=99
[Boundary] static void -> v2
[Boundary] static ret -> v2
[Boundary] static out -> v2
[Boundary] overload(string) -> v2
[Boundary] overload(int) -> v2
[Boundary] generic<String> -> v1, value=hello
[Boundary] generic<Int32> -> v1, value=99
[Boundary] static void -> v2
[Boundary] static ret -> v2
[Boundary] static out -> v2
[Boundary] overload(string) -> v2
[Boundary] overload(int) -> v2
[Boundary] generic<String> -> v1, value=hello
[Boundary] generic<Int32> -> v1, value=99
[Boundary] static void -> v2
[Boundary] static ret -> v2
[Boundary] static out -> v2
[Boundary] overload(string) -> v2
[Boundary] overload(int) -> v2
[Boundary] generic<String> -> v1, value=hello
[Boundary] generic<Int32> -> v1, value=99
[Boundary] Round=130: all calls completed
[Boundary] static void -> v2
[Boundary] static ret -> v2
[Boundary] static out -> v2
[Boundary] overload(string) -> v2
[Boundary] overload(int) -> v2
[Boundary] generic<String> -> v1, value=hello
[Boundary] generic<Int32> -> v1, value=99
[Boundary] static void -> v2
[Boundary] static ret -> v2
[Boundary] static out -> v2
[Boundary] overload(string) -> v2
[Boundary] overload(int) -> v2
[Boundary] generic<String> -> v1, value=hello
[Boundary] generic<Int32> -> v1, value=99
[Boundary] static void -> v2
[Boundary] static ret -> v2
[Boundary] static out -> v2
[Boundary] overload(string) -> v2
[Boundary] overload(int) -> v2
[Boundary] generic<String> -> v1, value=hello
[Boundary] generic<Int32> -> v1, value=99
[Boundary] static void -> v2
[Boundary] static ret -> v2
[Boundary] static out -> v2
[Boundary] overload(string) -> v2
[Boundary] overload(int) -> v2
[Boundary] generic<String> -> v1, value=hello
[Boundary] generic<Int32> -> v1, value=99
[Boundary] static void -> v2
[Boundary] static ret -> v2
[Boundary] static out -> v2
[Boundary] overload(string) -> v2
[Boundary] overload(int) -> v2
[Boundary] generic<String> -> v1, value=hello
[Boundary] generic<Int32> -> v1, value=99
[Boundary] static void -> v2
[Boundary] static ret -> v2
[Boundary] static out -> v2
[Boundary] overload(string) -> v2
[Boundary] overload(int) -> v2
[Boundary] generic<String> -> v1, value=hello
[Boundary] generic<Int32> -> v1, value=99
[Boundary] static void -> v2
[Boundary] static ret -> v2
[Boundary] static out -> v2
[Boundary] overload(string) -> v2
[Boundary] overload(int) -> v2
[Boundary] generic<String> -> v1, value=hello
[Boundary] generic<Int32> -> v1, value=99
[Boundary] static void -> v2
[Boundary] static ret -> v2
[Boundary] static out -> v2
[Boundary] overload(string) -> v2
[Boundary] overload(int) -> v2
[Boundary] generic<String> -> v1, value=hello
[Boundary] generic<Int32> -> v1, value=99
[Boundary] static void -> v2
[Boundary] static ret -> v2
[Boundary] static out -> v2
[Boundary] overload(string) -> v2
[Boundary] overload(int) -> v2
[Boundary] generic<String> -> v1, value=hello
[Boundary] generic<Int32> -> v1, value=99
[Boundary] static void -> v2
[Boundary] static ret -> v2
[Boundary] static out -> v2
[Boundary] overload(string) -> v2
[Boundary] overload(int) -> v2
[Boundary] generic<String> -> v1, value=hello
[Boundary] generic<Int32> -> v1, value=99
[Boundary] Round=140: all calls completed
[Boundary] static void -> v2
[Boundary] static ret -> v2
[Boundary] static out -> v2
[Boundary] overload(string) -> v2
[Boundary] overload(int) -> v2
[Boundary] generic<String> -> v1, value=hello
[Boundary] generic<Int32> -> v1, value=99
[Boundary] static void -> v2
[Boundary] static ret -> v2
[Boundary] static out -> v2
[Boundary] overload(string) -> v2
[Boundary] overload(int) -> v2
[Boundary] generic<String> -> v1, value=hello
[Boundary] generic<Int32> -> v1, value=99
[Boundary] static void -> v2
[Boundary] static ret -> v2
[Boundary] static out -> v2
[Boundary] overload(string) -> v2
[Boundary] overload(int) -> v2
[Boundary] generic<String> -> v1, value=hello
[Boundary] generic<Int32> -> v1, value=99
[Boundary] static void -> v2
[Boundary] static ret -> v2
[Boundary] static out -> v2
[Boundary] overload(string) -> v2
[Boundary] overload(int) -> v2
[Boundary] generic<String> -> v1, value=hello
[Boundary] generic<Int32> -> v1, value=99
[Boundary] static void -> v2
[Boundary] static ret -> v2
[Boundary] static out -> v2
[Boundary] overload(string) -> v2
[Boundary] overload(int) -> v2
[Boundary] generic<String> -> v1, value=hello
[Boundary] generic<Int32> -> v1, value=99
[Boundary] static void -> v2
[Boundary] static ret -> v2
[Boundary] static out -> v2
[Boundary] overload(string) -> v2
[Boundary] overload(int) -> v2
[Boundary] generic<String> -> v1, value=hello
[Boundary] generic<Int32> -> v1, value=99
[Boundary] static void -> v2
[Boundary] static ret -> v2
[Boundary] static out -> v2
[Boundary] overload(string) -> v2
[Boundary] overload(int) -> v2
[Boundary] generic<String> -> v1, value=hello
[Boundary] generic<Int32> -> v1, value=99
[Boundary] static void -> v2
[Boundary] static ret -> v2
[Boundary] static out -> v2
[Boundary] overload(string) -> v2
[Boundary] overload(int) -> v2
[Boundary] generic<String> -> v1, value=hello
[Boundary] generic<Int32> -> v1, value=99
[Boundary] static void -> v2
[Boundary] static ret -> v2
[Boundary] static out -> v2
[Boundary] overload(string) -> v2
[Boundary] overload(int) -> v2
[Boundary] generic<String> -> v1, value=hello
[Boundary] generic<Int32> -> v1, value=99
[Boundary] static void -> v2
[Boundary] static ret -> v2
[Boundary] static out -> v2
[Boundary] overload(string) -> v2
[Boundary] overload(int) -> v2
[Boundary] generic<String> -> v1, value=hello
[Boundary] generic<Int32> -> v1, value=99
[Boundary] Round=150: all calls completed
[Boundary] static void -> v2
[Boundary] static ret -> v2
[Boundary] static out -> v2
[Boundary] overload(string) -> v2
[Boundary] overload(int) -> v2
[Boundary] generic<String> -> v1, value=hello
[Boundary] generic<Int32> -> v1, value=99
[Boundary] static void -> v2
[Boundary] static ret -> v2
[Boundary] static out -> v2
[Boundary] overload(string) -> v2
[Boundary] overload(int) -> v2
[Boundary] generic<String> -> v1, value=hello
[Boundary] generic<Int32> -> v1, value=99
[Boundary] static void -> v2
[Boundary] static ret -> v2
[Boundary] static out -> v2
[Boundary] overload(string) -> v2
[Boundary] overload(int) -> v2
[Boundary] generic<String> -> v1, value=hello
[Boundary] generic<Int32> -> v1, value=99
[Boundary] static void -> v2
[Boundary] static ret -> v2
[Boundary] static out -> v2
[Boundary] overload(string) -> v2
[Boundary] overload(int) -> v2
[Boundary] generic<String> -> v1, value=hello
[Boundary] generic<Int32> -> v1, value=99
[Boundary] static void -> v2
[Boundary] static ret -> v2
[Boundary] static out -> v2
[Boundary] overload(string) -> v2
[Boundary] overload(int) -> v2
[Boundary] generic<String> -> v1, value=hello
[Boundary] generic<Int32> -> v1, value=99
[Boundary] static void -> v2
[Boundary] static ret -> v2
[Boundary] static out -> v2
[Boundary] overload(string) -> v2
[Boundary] overload(int) -> v2
[Boundary] generic<String> -> v1, value=hello
[Boundary] generic<Int32> -> v1, value=99
[Boundary] static void -> v2
[Boundary] static ret -> v2
[Boundary] static out -> v2
[Boundary] overload(string) -> v2
[Boundary] overload(int) -> v2
[Boundary] generic<String> -> v1, value=hello
[Boundary] generic<Int32> -> v1, value=99
[Boundary] static void -> v2
[Boundary] static ret -> v2
[Boundary] static out -> v2
[Boundary] overload(string) -> v2
[Boundary] overload(int) -> v2
[Boundary] generic<String> -> v1, value=hello
[Boundary] generic<Int32> -> v1, value=99
[Boundary] static void -> v2
[Boundary] static ret -> v2
[Boundary] static out -> v2
[Boundary] overload(string) -> v2
[Boundary] overload(int) -> v2
[Boundary] generic<String> -> v1, value=hello
[Boundary] generic<Int32> -> v1, value=99
[Boundary] static void -> v2
[Boundary] static ret -> v2
[Boundary] static out -> v2
[Boundary] overload(string) -> v2
[Boundary] overload(int) -> v2
[Boundary] generic<String> -> v1, value=hello
[Boundary] generic<Int32> -> v1, value=99
[Boundary] Round=160: all calls completed
[Boundary] static void -> v2
[Boundary] static ret -> v2
[Boundary] static out -> v2
[Boundary] overload(string) -> v2
[Boundary] overload(int) -> v2
[Boundary] generic<String> -> v1, value=hello
[Boundary] generic<Int32> -> v1, value=99
[Boundary] static void -> v2
[Boundary] static ret -> v2
[Boundary] static out -> v2
[Boundary] overload(string) -> v2
[Boundary] overload(int) -> v2
[Boundary] generic<String> -> v1, value=hello
[Boundary] generic<Int32> -> v1, value=99
[Boundary] static void -> v2
[Boundary] static ret -> v2
[Boundary] static out -> v2
[Boundary] overload(string) -> v2
[Boundary] overload(int) -> v2
[Boundary] generic<String> -> v1, value=hello
[Boundary] generic<Int32> -> v1, value=99
[Boundary] static void -> v2
[Boundary] static ret -> v2
[Boundary] static out -> v2
[Boundary] overload(string) -> v2
[Boundary] overload(int) -> v2
[Boundary] generic<String> -> v1, value=hello
[Boundary] generic<Int32> -> v1, value=99
[Boundary] static void -> v2
[Boundary] static ret -> v2
[Boundary] static out -> v2
[Boundary] overload(string) -> v2
[Boundary] overload(int) -> v2
[Boundary] generic<String> -> v1, value=hello
[Boundary] generic<Int32> -> v1, value=99
[Boundary] static void -> v2
[Boundary] static ret -> v2
[Boundary] static out -> v2
[Boundary] overload(string) -> v2
[Boundary] overload(int) -> v2
[Boundary] generic<String> -> v1, value=hello
[Boundary] generic<Int32> -> v1, value=99
[Boundary] static void -> v2
[Boundary] static ret -> v2
[Boundary] static out -> v2
[Boundary] overload(string) -> v2
[Boundary] overload(int) -> v2
[Boundary] generic<String> -> v1, value=hello
[Boundary] generic<Int32> -> v1, value=99
[Boundary] static void -> v2
[Boundary] static ret -> v2
[Boundary] static out -> v2
[Boundary] overload(string) -> v2
[Boundary] overload(int) -> v2
[Boundary] generic<String> -> v1, value=hello
[Boundary] generic<Int32> -> v1, value=99
[Boundary] static void -> v2
[Boundary] static ret -> v2
[Boundary] static out -> v2
[Boundary] overload(string) -> v2
[Boundary] overload(int) -> v2
[Boundary] generic<String> -> v1, value=hello
[Boundary] generic<Int32> -> v1, value=99
[Boundary] static void -> v2
[Boundary] static ret -> v2
[Boundary] static out -> v2
[Boundary] overload(string) -> v2
[Boundary] overload(int) -> v2
[Boundary] generic<String> -> v1, value=hello
[Boundary] generic<Int32> -> v1, value=99
[Boundary] Round=170: all calls completed
[Boundary] static void -> v2
[Boundary] static ret -> v2
[Boundary] static out -> v2
[Boundary] overload(string) -> v2
[Boundary] overload(int) -> v2
[Boundary] generic<String> -> v1, value=hello
[Boundary] generic<Int32> -> v1, value=99
[Boundary] static void -> v2
[Boundary] static ret -> v2
[Boundary] static out -> v2
[Boundary] overload(string) -> v2
[Boundary] overload(int) -> v2
[Boundary] generic<String> -> v1, value=hello
[Boundary] generic<Int32> -> v1, value=99
[Boundary] static void -> v2
[Boundary] static ret -> v2
[Boundary] static out -> v2
[Boundary] overload(string) -> v2
[Boundary] overload(int) -> v2
[Boundary] generic<String> -> v1, value=hello
[Boundary] generic<Int32> -> v1, value=99
[Boundary] static void -> v2
[Boundary] static ret -> v2
[Boundary] static out -> v2
[Boundary] overload(string) -> v2
[Boundary] overload(int) -> v2
[Boundary] generic<String> -> v1, value=hello
[Boundary] generic<Int32> -> v1, value=99
[Boundary] static void -> v2
[Boundary] static ret -> v2
[Boundary] static out -> v2
[Boundary] overload(string) -> v2
[Boundary] overload(int) -> v2
[Boundary] generic<String> -> v1, value=hello
[Boundary] generic<Int32> -> v1, value=99
[Boundary] static void -> v2
[Boundary] static ret -> v2
[Boundary] static out -> v2
[Boundary] overload(string) -> v2
[Boundary] overload(int) -> v2
[Boundary] generic<String> -> v1, value=hello
[Boundary] generic<Int32> -> v1, value=99
[Boundary] static void -> v2
[Boundary] static ret -> v2
[Boundary] static out -> v2
[Boundary] overload(string) -> v2
[Boundary] overload(int) -> v2
[Boundary] generic<String> -> v1, value=hello
[Boundary] generic<Int32> -> v1, value=99
[Boundary] static void -> v2
[Boundary] static ret -> v2
[Boundary] static out -> v2
[Boundary] overload(string) -> v2
[Boundary] overload(int) -> v2
[Boundary] generic<String> -> v1, value=hello
[Boundary] generic<Int32> -> v1, value=99
[Boundary] static void -> v2
[Boundary] static ret -> v2
[Boundary] static out -> v2
[Boundary] overload(string) -> v2
[Boundary] overload(int) -> v2
[Boundary] generic<String> -> v1, value=hello
[Boundary] generic<Int32> -> v1, value=99
[Boundary] static void -> v2
[Boundary] static ret -> v2
[Boundary] static out -> v2
[Boundary] overload(string) -> v2
[Boundary] overload(int) -> v2
[Boundary] generic<String> -> v1, value=hello
[Boundary] generic<Int32> -> v1, value=99
[Boundary] Round=180: all calls completed
[Boundary] static void -> v2
[Boundary] static ret -> v2
[Boundary] static out -> v2
[Boundary] overload(string) -> v2
[Boundary] overload(int) -> v2
[Boundary] generic<String> -> v1, value=hello
[Boundary] generic<Int32> -> v1, value=99
[Boundary] static void -> v2
[Boundary] static ret -> v2
[Boundary] static out -> v2
[Boundary] overload(string) -> v2
[Boundary] overload(int) -> v2
[Boundary] generic<String> -> v1, value=hello
[Boundary] generic<Int32> -> v1, value=99
[Boundary] static void -> v2
[Boundary] static ret -> v2
[Boundary] static out -> v2
[Boundary] overload(string) -> v2
[Boundary] overload(int) -> v2
[Boundary] generic<String> -> v1, value=hello
[Boundary] generic<Int32> -> v1, value=99
[Boundary] static void -> v2
[Boundary] static ret -> v2
[Boundary] static out -> v2
[Boundary] overload(string) -> v2
[Boundary] overload(int) -> v2
[Boundary] generic<String> -> v1, value=hello
[Boundary] generic<Int32> -> v1, value=99
[Boundary] static void -> v2
[Boundary] static ret -> v2
[Boundary] static out -> v2
[Boundary] overload(string) -> v2
[Boundary] overload(int) -> v2
[Boundary] generic<String> -> v1, value=hello
[Boundary] generic<Int32> -> v1, value=99
[Boundary] static void -> v2
[Boundary] static ret -> v2
[Boundary] static out -> v2
[Boundary] overload(string) -> v2
[Boundary] overload(int) -> v2
[Boundary] generic<String> -> v1, value=hello
[Boundary] generic<Int32> -> v1, value=99
[Boundary] static void -> v2
[Boundary] static ret -> v2
[Boundary] static out -> v2
[Boundary] overload(string) -> v2
[Boundary] overload(int) -> v2
[Boundary] generic<String> -> v1, value=hello
[Boundary] generic<Int32> -> v1, value=99
[Boundary] static void -> v2
[Boundary] static ret -> v2
[Boundary] static out -> v2
[Boundary] overload(string) -> v2
[Boundary] overload(int) -> v2
[Boundary] generic<String> -> v1, value=hello
[Boundary] generic<Int32> -> v1, value=99
[Boundary] static void -> v2
[Boundary] static ret -> v2
[Boundary] static out -> v2
[Boundary] overload(string) -> v2
[Boundary] overload(int) -> v2
[Boundary] generic<String> -> v1, value=hello
[Boundary] generic<Int32> -> v1, value=99
[Boundary] static void -> v2
[Boundary] static ret -> v2
[Boundary] static out -> v2
[Boundary] overload(string) -> v2
[Boundary] overload(int) -> v2
[Boundary] generic<String> -> v1, value=hello
[Boundary] generic<Int32> -> v1, value=99
[Boundary] Round=190: all calls completed
[Boundary] static void -> v2
[Boundary] static ret -> v2
[Boundary] static out -> v2
[Boundary] overload(string) -> v2
[Boundary] overload(int) -> v2
[Boundary] generic<String> -> v1, value=hello
[Boundary] generic<Int32> -> v1, value=99
[Boundary] static void -> v2
[Boundary] static ret -> v2
[Boundary] static out -> v2
[Boundary] overload(string) -> v2
[Boundary] overload(int) -> v2
[Boundary] generic<String> -> v1, value=hello
[Boundary] generic<Int32> -> v1, value=99
[Boundary] static void -> v2
[Boundary] static ret -> v2
[Boundary] static out -> v2
[Boundary] overload(string) -> v2
[Boundary] overload(int) -> v2
[Boundary] generic<String> -> v1, value=hello
[Boundary] generic<Int32> -> v1, value=99
[Boundary] static void -> v2
[Boundary] static ret -> v2
[Boundary] static out -> v2
[Boundary] overload(string) -> v2
[Boundary] overload(int) -> v2
[Boundary] generic<String> -> v1, value=hello
[Boundary] generic<Int32> -> v1, value=99
[Boundary] static void -> v2
[Boundary] static ret -> v2
[Boundary] static out -> v2
[Boundary] overload(string) -> v2
[Boundary] overload(int) -> v2
[Boundary] generic<String> -> v1, value=hello
[Boundary] generic<Int32> -> v1, value=99
[Boundary] static void -> v2
[Boundary] static ret -> v2
[Boundary] static out -> v2
[Boundary] overload(string) -> v2
[Boundary] overload(int) -> v2
[Boundary] generic<String> -> v1, value=hello
[Boundary] generic<Int32> -> v1, value=99
[Boundary] static void -> v2
[Boundary] static ret -> v2
[Boundary] static out -> v2
[Boundary] overload(string) -> v2
[Boundary] overload(int) -> v2
[Boundary] generic<String> -> v1, value=hello
[Boundary] generic<Int32> -> v1, value=99
[Boundary] static void -> v2
[Boundary] static ret -> v2
[Boundary] static out -> v2
[Boundary] overload(string) -> v2
[Boundary] overload(int) -> v2
[Boundary] generic<String> -> v1, value=hello
[Boundary] generic<Int32> -> v1, value=99
[Boundary] static void -> v2
[Boundary] static ret -> v2
[Boundary] static out -> v2
[Boundary] overload(string) -> v2
[Boundary] overload(int) -> v2
[Boundary] generic<String> -> v1, value=hello
[Boundary] generic<Int32> -> v1, value=99
[Boundary] static void -> v2
[Boundary] static ret -> v2
[Boundary] static out -> v2
[Boundary] overload(string) -> v2
[Boundary] overload(int) -> v2
[Boundary] generic<String> -> v1, value=hello
[Boundary] generic<Int32> -> v1, value=99
[Boundary] Round=200: all calls completed
[Boundary] static void -> v2
[Boundary] static ret -> v2
[Boundary] static out -> v2
[Boundary] overload(string) -> v2
[Boundary] overload(int) -> v2
[Boundary] generic<String> -> v1, value=hello
[Boundary] generic<Int32> -> v1, value=99
[Boundary] static void -> v2
[Boundary] static ret -> v2
[Boundary] static out -> v2
[Boundary] overload(string) -> v2
[Boundary] overload(int) -> v2
[Boundary] generic<String> -> v1, value=hello
[Boundary] generic<Int32> -> v1, value=99
[Boundary] static void -> v2
[Boundary] static ret -> v2
[Boundary] static out -> v2
[Boundary] overload(string) -> v2
[Boundary] overload(int) -> v2
[Boundary] generic<String> -> v1, value=hello
[Boundary] generic<Int32> -> v1, value=99
[Boundary] static void -> v2
[Boundary] static ret -> v2
[Boundary] static out -> v2
[Boundary] overload(string) -> v2
[Boundary] overload(int) -> v2
[Boundary] generic<String> -> v1, value=hello
[Boundary] generic<Int32> -> v1, value=99
[Boundary] static void -> v2
[Boundary] static ret -> v2
[Boundary] static out -> v2
[Boundary] overload(string) -> v2
[Boundary] overload(int) -> v2
[Boundary] generic<String> -> v1, value=hello
[Boundary] generic<Int32> -> v1, value=99
[Boundary] static void -> v2
[Boundary] static ret -> v2
[Boundary] static out -> v2
[Boundary] overload(string) -> v2
[Boundary] overload(int) -> v2
[Boundary] generic<String> -> v1, value=hello
[Boundary] generic<Int32> -> v1, value=99
[Boundary] static void -> v2
[Boundary] static ret -> v2
[Boundary] static out -> v2
[Boundary] overload(string) -> v2
[Boundary] overload(int) -> v2
[Boundary] generic<String> -> v1, value=hello
[Boundary] generic<Int32> -> v1, value=99
[Boundary] static void -> v2
[Boundary] static ret -> v2
[Boundary] static out -> v2
[Boundary] overload(string) -> v2
[Boundary] overload(int) -> v2
[Boundary] generic<String> -> v1, value=hello
[Boundary] generic<Int32> -> v1, value=99
[Boundary] static void -> v2
[Boundary] static ret -> v2
[Boundary] static out -> v2
[Boundary] overload(string) -> v2
[Boundary] overload(int) -> v2
[Boundary] generic<String> -> v1, value=hello
[Boundary] generic<Int32> -> v1, value=99
[Boundary] static void -> v2
[Boundary] static ret -> v2
[Boundary] static out -> v2
[Boundary] overload(string) -> v2
[Boundary] overload(int) -> v2
[Boundary] generic<String> -> v1, value=hello
[Boundary] generic<Int32> -> v1, value=99
[Boundary] Round=210: all calls completed
[Boundary] static void -> v2
[Boundary] static ret -> v2
[Boundary] static out -> v2
[Boundary] overload(string) -> v2
[Boundary] overload(int) -> v2
[Boundary] generic<String> -> v1, value=hello
[Boundary] generic<Int32> -> v1, value=99
[Boundary] static void -> v2
[Boundary] static ret -> v2
[Boundary] static out -> v2
[Boundary] overload(string) -> v2
[Boundary] overload(int) -> v2
[Boundary] generic<String> -> v1, value=hello
[Boundary] generic<Int32> -> v1, value=99
[Boundary] static void -> v2
[Boundary] static ret -> v2
[Boundary] static out -> v2
[Boundary] overload(string) -> v2
[Boundary] overload(int) -> v2
[Boundary] generic<String> -> v1, value=hello
[Boundary] generic<Int32> -> v1, value=99
[Boundary] static void -> v2
[Boundary] static ret -> v2
[Boundary] static out -> v2
[Boundary] overload(string) -> v2
[Boundary] overload(int) -> v2
[Boundary] generic<String> -> v1, value=hello
[Boundary] generic<Int32> -> v1, value=99
[Boundary] static void -> v2
[Boundary] static ret -> v2
[Boundary] static out -> v2
[Boundary] overload(string) -> v2
[Boundary] overload(int) -> v2
[Boundary] generic<String> -> v1, value=hello
[Boundary] generic<Int32> -> v1, value=99
[Boundary] static void -> v2
[Boundary] static ret -> v2
[Boundary] static out -> v2
[Boundary] overload(string) -> v2
[Boundary] overload(int) -> v2
[Boundary] generic<String> -> v1, value=hello
[Boundary] generic<Int32> -> v1, value=99
[Boundary] static void -> v2
[Boundary] static ret -> v2
[Boundary] static out -> v2
[Boundary] overload(string) -> v2
[Boundary] overload(int) -> v2
[Boundary] generic<String> -> v1, value=hello
[Boundary] generic<Int32> -> v1, value=99
[Boundary] static void -> v2
[Boundary] static ret -> v2
[Boundary] static out -> v2
[Boundary] overload(string) -> v2
[Boundary] overload(int) -> v2
[Boundary] generic<String> -> v1, value=hello
[Boundary] generic<Int32> -> v1, value=99
[Boundary] static void -> v2
[Boundary] static ret -> v2
[Boundary] static out -> v2
[Boundary] overload(string) -> v2
[Boundary] overload(int) -> v2
[Boundary] generic<String> -> v1, value=hello
[Boundary] generic<Int32> -> v1, value=99
[Boundary] static void -> v2
[Boundary] static ret -> v2
[Boundary] static out -> v2
[Boundary] overload(string) -> v2
[Boundary] overload(int) -> v2
[Boundary] generic<String> -> v1, value=hello
[Boundary] generic<Int32> -> v1, value=99
[Boundary] Round=220: all calls completed
[Boundary] static void -> v2
[Boundary] static ret -> v2
[Boundary] static out -> v2
[Boundary] overload(string) -> v2
[Boundary] overload(int) -> v2
[Boundary] generic<String> -> v1, value=hello
[Boundary] generic<Int32> -> v1, value=99
[Boundary] static void -> v2
[Boundary] static ret -> v2
[Boundary] static out -> v2
[Boundary] overload(string) -> v2
[Boundary] overload(int) -> v2
[Boundary] generic<String> -> v1, value=hello
[Boundary] generic<Int32> -> v1, value=99
[Boundary] static void -> v2
[Boundary] static ret -> v2
[Boundary] static out -> v2
[Boundary] overload(string) -> v2
[Boundary] overload(int) -> v2
[Boundary] generic<String> -> v1, value=hello
[Boundary] generic<Int32> -> v1, value=99
[Boundary] static void -> v2
[Boundary] static ret -> v2
[Boundary] static out -> v2
[Boundary] overload(string) -> v2
[Boundary] overload(int) -> v2
[Boundary] generic<String> -> v1, value=hello
[Boundary] generic<Int32> -> v1, value=99
[Boundary] static void -> v2
[Boundary] static ret -> v2
[Boundary] static out -> v2
[Boundary] overload(string) -> v2
[Boundary] overload(int) -> v2
[Boundary] generic<String> -> v1, value=hello
[Boundary] generic<Int32> -> v1, value=99
[Boundary] static void -> v2
[Boundary] static ret -> v2
[Boundary] static out -> v2
[Boundary] overload(string) -> v2
[Boundary] overload(int) -> v2
[Boundary] generic<String> -> v1, value=hello
[Boundary] generic<Int32> -> v1, value=99
[Boundary] static void -> v2
[Boundary] static ret -> v2
[Boundary] static out -> v2
[Boundary] overload(string) -> v2
[Boundary] overload(int) -> v2
[Boundary] generic<String> -> v1, value=hello
[Boundary] generic<Int32> -> v1, value=99
[Boundary] static void -> v2
[Boundary] static ret -> v2
[Boundary] static out -> v2
[Boundary] overload(string) -> v2
[Boundary] overload(int) -> v2
[Boundary] generic<String> -> v1, value=hello
[Boundary] generic<Int32> -> v1, value=99
[Boundary] static void -> v2
[Boundary] static ret -> v2
[Boundary] static out -> v2
[Boundary] overload(string) -> v2
[Boundary] overload(int) -> v2
[Boundary] generic<String> -> v1, value=hello
[Boundary] generic<Int32> -> v1, value=99
[Boundary] static void -> v2
[Boundary] static ret -> v2
[Boundary] static out -> v2
[Boundary] overload(string) -> v2
[Boundary] overload(int) -> v2
[Boundary] generic<String> -> v1, value=hello
[Boundary] generic<Int32> -> v1, value=99
[Boundary] Round=230: all calls completed
[Boundary] static void -> v2
[Boundary] static ret -> v2
[Boundary] static out -> v2
[Boundary] overload(string) -> v2
[Boundary] overload(int) -> v2
[Boundary] generic<String> -> v1, value=hello
[Boundary] generic<Int32> -> v1, value=99
[Boundary] static void -> v2
[Boundary] static ret -> v2
[Boundary] static out -> v2
[Boundary] overload(string) -> v2
[Boundary] overload(int) -> v2
[Boundary] generic<String> -> v1, value=hello
[Boundary] generic<Int32> -> v1, value=99
[Boundary] static void -> v2
[Boundary] static ret -> v2
[Boundary] static out -> v2
[Boundary] overload(string) -> v2
[Boundary] overload(int) -> v2
[Boundary] generic<String> -> v1, value=hello
[Boundary] generic<Int32> -> v1, value=99
[Boundary] static void -> v2
[Boundary] static ret -> v2
[Boundary] static out -> v2
[Boundary] overload(string) -> v2
[Boundary] overload(int) -> v2
[Boundary] generic<String> -> v1, value=hello
[Boundary] generic<Int32> -> v1, value=99
[Boundary] static void -> v2
[Boundary] static ret -> v2
[Boundary] static out -> v2
[Boundary] overload(string) -> v2
[Boundary] overload(int) -> v2
[Boundary] generic<String> -> v1, value=hello
[Boundary] generic<Int32> -> v1, value=99
[Boundary] static void -> v2
[Boundary] static ret -> v2
[Boundary] static out -> v2
[Boundary] overload(string) -> v2
[Boundary] overload(int) -> v2
[Boundary] generic<String> -> v1, value=hello
[Boundary] generic<Int32> -> v1, value=99
[Boundary] static void -> v2
[Boundary] static ret -> v2
[Boundary] static out -> v2
[Boundary] overload(string) -> v2
[Boundary] overload(int) -> v2
[Boundary] generic<String> -> v1, value=hello
[Boundary] generic<Int32> -> v1, value=99
[Boundary] static void -> v2
[Boundary] static ret -> v2
[Boundary] static out -> v2
[Boundary] overload(string) -> v2
[Boundary] overload(int) -> v2
[Boundary] generic<String> -> v1, value=hello
[Boundary] generic<Int32> -> v1, value=99
[Boundary] static void -> v2
[Boundary] static ret -> v2
[Boundary] static out -> v2
[Boundary] overload(string) -> v2
[Boundary] overload(int) -> v2
[Boundary] generic<String> -> v1, value=hello
[Boundary] generic<Int32> -> v1, value=99
[Boundary] static void -> v2
[Boundary] static ret -> v2
[Boundary] static out -> v2
[Boundary] overload(string) -> v2
[Boundary] overload(int) -> v2
[Boundary] generic<String> -> v1, value=hello
[Boundary] generic<Int32> -> v1, value=99
[Boundary] Round=240: all calls completed
[Boundary] static void -> v2
[Boundary] static ret -> v2
[Boundary] static out -> v2
[Boundary] overload(string) -> v2
[Boundary] overload(int) -> v2
[Boundary] generic<String> -> v1, value=hello
[Boundary] generic<Int32> -> v1, value=99
[Boundary] static void -> v2
[Boundary] static ret -> v2
[Boundary] static out -> v2
[Boundary] overload(string) -> v2
[Boundary] overload(int) -> v2
[Boundary] generic<String> -> v1, value=hello
[Boundary] generic<Int32> -> v1, value=99
[Boundary] static void -> v2
[Boundary] static ret -> v2
[Boundary] static out -> v2
[Boundary] overload(string) -> v2
[Boundary] overload(int) -> v2
[Boundary] generic<String> -> v1, value=hello
[Boundary] generic<Int32> -> v1, value=99
[Boundary] static void -> v2
[Boundary] static ret -> v2
[Boundary] static out -> v2
[Boundary] overload(string) -> v2
[Boundary] overload(int) -> v2
[Boundary] generic<String> -> v1, value=hello
[Boundary] generic<Int32> -> v1, value=99
[Boundary] static void -> v2
[Boundary] static ret -> v2
[Boundary] static out -> v2
[Boundary] overload(string) -> v2
[Boundary] overload(int) -> v2
[Boundary] generic<String> -> v1, value=hello
[Boundary] generic<Int32> -> v1, value=99
[Boundary] static void -> v2
[Boundary] static ret -> v2
[Boundary] static out -> v2
[Boundary] overload(string) -> v2
[Boundary] overload(int) -> v2
[Boundary] generic<String> -> v1, value=hello
[Boundary] generic<Int32> -> v1, value=99
[Boundary] static void -> v2
[Boundary] static ret -> v2
[Boundary] static out -> v2
[Boundary] overload(string) -> v2
[Boundary] overload(int) -> v2
[Boundary] generic<String> -> v1, value=hello
[Boundary] generic<Int32> -> v1, value=99
[Boundary] static void -> v2
[Boundary] static ret -> v2
[Boundary] static out -> v2
[Boundary] overload(string) -> v2
[Boundary] overload(int) -> v2
[Boundary] generic<String> -> v1, value=hello
[Boundary] generic<Int32> -> v1, value=99
[Boundary] static void -> v2
[Boundary] static ret -> v2
[Boundary] static out -> v2
[Boundary] overload(string) -> v2
[Boundary] overload(int) -> v2
[Boundary] generic<String> -> v1, value=hello
[Boundary] generic<Int32> -> v1, value=99
[Boundary] static void -> v2
[Boundary] static ret -> v2
[Boundary] static out -> v2
[Boundary] overload(string) -> v2
[Boundary] overload(int) -> v2
[Boundary] generic<String> -> v1, value=hello
[Boundary] generic<Int32> -> v1, value=99
[Boundary] Round=250: all calls completed
[Boundary] static void -> v2
[Boundary] static ret -> v2
[Boundary] static out -> v2
[Boundary] overload(string) -> v2
[Boundary] overload(int) -> v2
[Boundary] generic<String> -> v1, value=hello
[Boundary] generic<Int32> -> v1, value=99
[Boundary] static void -> v2
[Boundary] static ret -> v2
[Boundary] static out -> v2
[Boundary] overload(string) -> v2
[Boundary] overload(int) -> v2
[Boundary] generic<String> -> v1, value=hello
[Boundary] generic<Int32> -> v1, value=99
[Boundary] static void -> v2
[Boundary] static ret -> v2
[Boundary] static out -> v2
[Boundary] overload(string) -> v2
[Boundary] overload(int) -> v2
[Boundary] generic<String> -> v1, value=hello
[Boundary] generic<Int32> -> v1, value=99
[Boundary] static void -> v2
[Boundary] static ret -> v2
[Boundary] static out -> v2
[Boundary] overload(string) -> v2
[Boundary] overload(int) -> v2
[Boundary] generic<String> -> v1, value=hello
[Boundary] generic<Int32> -> v1, value=99
[Boundary] static void -> v2
[Boundary] static ret -> v2
[Boundary] static out -> v2
[Boundary] overload(string) -> v2
[Boundary] overload(int) -> v2
[Boundary] generic<String> -> v1, value=hello
[Boundary] generic<Int32> -> v1, value=99
[Boundary] static void -> v2
[Boundary] static ret -> v2
[Boundary] static out -> v2
[Boundary] overload(string) -> v2
[Boundary] overload(int) -> v2
[Boundary] generic<String> -> v1, value=hello
[Boundary] generic<Int32> -> v1, value=99
[Boundary] static void -> v2
[Boundary] static ret -> v2
[Boundary] static out -> v2
[Boundary] overload(string) -> v2
[Boundary] overload(int) -> v2
[Boundary] generic<String> -> v1, value=hello
[Boundary] generic<Int32> -> v1, value=99
[Boundary] static void -> v2
[Boundary] static ret -> v2
[Boundary] static out -> v2
[Boundary] overload(string) -> v2
[Boundary] overload(int) -> v2
[Boundary] generic<String> -> v1, value=hello
[Boundary] generic<Int32> -> v1, value=99
[Boundary] static void -> v2
[Boundary] static ret -> v2
[Boundary] static out -> v2
[Boundary] overload(string) -> v2
[Boundary] overload(int) -> v2
[Boundary] generic<String> -> v1, value=hello
[Boundary] generic<Int32> -> v1, value=99
[Boundary] static void -> v2
[Boundary] static ret -> v2
[Boundary] static out -> v2
[Boundary] overload(string) -> v2
[Boundary] overload(int) -> v2
[Boundary] generic<String> -> v1, value=hello
[Boundary] generic<Int32> -> v1, value=99
[Boundary] Round=260: all calls completed
[Boundary] static void -> v2
[Boundary] static ret -> v2
[Boundary] static out -> v2
[Boundary] overload(string) -> v2
[Boundary] overload(int) -> v2
[Boundary] generic<String> -> v1, value=hello
[Boundary] generic<Int32> -> v1, value=99
[Boundary] static void -> v2
[Boundary] static ret -> v2
[Boundary] static out -> v2
[Boundary] overload(string) -> v2
[Boundary] overload(int) -> v2
[Boundary] generic<String> -> v1, value=hello
[Boundary] generic<Int32> -> v1, value=99
[Boundary] static void -> v2
[Boundary] static ret -> v2
[Boundary] static out -> v2
[Boundary] overload(string) -> v2
[Boundary] overload(int) -> v2
[Boundary] generic<String> -> v1, value=hello
[Boundary] generic<Int32> -> v1, value=99
[Boundary] static void -> v2
[Boundary] static ret -> v2
[Boundary] static out -> v2
[Boundary] overload(string) -> v2
[Boundary] overload(int) -> v2
[Boundary] generic<String> -> v1, value=hello
[Boundary] generic<Int32> -> v1, value=99
[Boundary] static void -> v2
[Boundary] static ret -> v2
[Boundary] static out -> v2
[Boundary] overload(string) -> v2
[Boundary] overload(int) -> v2
[Boundary] generic<String> -> v1, value=hello
[Boundary] generic<Int32> -> v1, value=99
[Boundary] static void -> v2
[Boundary] static ret -> v2
[Boundary] static out -> v2
[Boundary] overload(string) -> v2
[Boundary] overload(int) -> v2
[Boundary] generic<String> -> v1, value=hello
[Boundary] generic<Int32> -> v1, value=99
[Boundary] static void -> v2
[Boundary] static ret -> v2
[Boundary] static out -> v2
[Boundary] overload(string) -> v2
[Boundary] overload(int) -> v2
[Boundary] generic<String> -> v1, value=hello
[Boundary] generic<Int32> -> v1, value=99
[Boundary] static void -> v2
[Boundary] static ret -> v2
[Boundary] static out -> v2
[Boundary] overload(string) -> v2
[Boundary] overload(int) -> v2
[Boundary] generic<String> -> v1, value=hello
[Boundary] generic<Int32> -> v1, value=99
[Boundary] static void -> v2
[Boundary] static ret -> v2
[Boundary] static out -> v2
[Boundary] overload(string) -> v2
[Boundary] overload(int) -> v2
[Boundary] generic<String> -> v1, value=hello
[Boundary] generic<Int32> -> v1, value=99
[Boundary] static void -> v2
[Boundary] static ret -> v2
[Boundary] static out -> v2
[Boundary] overload(string) -> v2
[Boundary] overload(int) -> v2
[Boundary] generic<String> -> v1, value=hello
[Boundary] generic<Int32> -> v1, value=99
[Boundary] Round=270: all calls completed
[Boundary] static void -> v2
[Boundary] static ret -> v2
[Boundary] static out -> v2
[Boundary] overload(string) -> v2
[Boundary] overload(int) -> v2
[Boundary] generic<String> -> v1, value=hello
[Boundary] generic<Int32> -> v1, value=99
[Boundary] static void -> v2
[Boundary] static ret -> v2
[Boundary] static out -> v2
[Boundary] overload(string) -> v2
[Boundary] overload(int) -> v2
[Boundary] generic<String> -> v1, value=hello
[Boundary] generic<Int32> -> v1, value=99
[Boundary] static void -> v2
[Boundary] static ret -> v2
[Boundary] static out -> v2
[Boundary] overload(string) -> v2
[Boundary] overload(int) -> v2
[Boundary] generic<String> -> v1, value=hello
[Boundary] generic<Int32> -> v1, value=99
[Boundary] static void -> v2
[Boundary] static ret -> v2
[Boundary] static out -> v2
[Boundary] overload(string) -> v2
[Boundary] overload(int) -> v2
[Boundary] generic<String> -> v1, value=hello
[Boundary] generic<Int32> -> v1, value=99
[Boundary] static void -> v2
[Boundary] static ret -> v2
[Boundary] static out -> v2
[Boundary] overload(string) -> v2
[Boundary] overload(int) -> v2
[Boundary] generic<String> -> v1, value=hello
[Boundary] generic<Int32> -> v1, value=99
[Boundary] static void -> v2
[Boundary] static ret -> v2
[Boundary] static out -> v2
[Boundary] overload(string) -> v2
[Boundary] overload(int) -> v2
[Boundary] generic<String> -> v1, value=hello
[Boundary] generic<Int32> -> v1, value=99
[Boundary] static void -> v2
[Boundary] static ret -> v2
[Boundary] static out -> v2
[Boundary] overload(string) -> v2
[Boundary] overload(int) -> v2
[Boundary] generic<String> -> v1, value=hello
[Boundary] generic<Int32> -> v1, value=99
[Boundary] static void -> v2
[Boundary] static ret -> v2
[Boundary] static out -> v2
[Boundary] overload(string) -> v2
[Boundary] overload(int) -> v2
[Boundary] generic<String> -> v1, value=hello
[Boundary] generic<Int32> -> v1, value=99
[Boundary] static void -> v2
[Boundary] static ret -> v2
[Boundary] static out -> v2
[Boundary] overload(string) -> v2
[Boundary] overload(int) -> v2
[Boundary] generic<String> -> v1, value=hello
[Boundary] generic<Int32> -> v1, value=99
[Boundary] static void -> v2
[Boundary] static ret -> v2
[Boundary] static out -> v2
[Boundary] overload(string) -> v2
[Boundary] overload(int) -> v2
[Boundary] generic<String> -> v1, value=hello
[Boundary] generic<Int32> -> v1, value=99
[Boundary] Round=280: all calls completed
[Boundary] static void -> v2
[Boundary] static ret -> v2
[Boundary] static out -> v2
[Boundary] overload(string) -> v2
[Boundary] overload(int) -> v2
[Boundary] generic<String> -> v1, value=hello
[Boundary] generic<Int32> -> v1, value=99
[Boundary] static void -> v2
[Boundary] static ret -> v2
[Boundary] static out -> v2
[Boundary] overload(string) -> v2
[Boundary] overload(int) -> v2
[Boundary] generic<String> -> v1, value=hello
[Boundary] generic<Int32> -> v1, value=99
[Boundary] static void -> v2
[Boundary] static ret -> v2
[Boundary] static out -> v2
[Boundary] overload(string) -> v2
[Boundary] overload(int) -> v2
[Boundary] generic<String> -> v1, value=hello
[Boundary] generic<Int32> -> v1, value=99
[Boundary] static void -> v2
[Boundary] static ret -> v2
[Boundary] static out -> v2
[Boundary] overload(string) -> v2
[Boundary] overload(int) -> v2
[Boundary] generic<String> -> v1, value=hello
[Boundary] generic<Int32> -> v1, value=99
[Boundary] static void -> v2
[Boundary] static ret -> v2
[Boundary] static out -> v2
[Boundary] overload(string) -> v2
[Boundary] overload(int) -> v2
[Boundary] generic<String> -> v1, value=hello
[Boundary] generic<Int32> -> v1, value=99
[Boundary] static void -> v2
[Boundary] static ret -> v2
[Boundary] static out -> v2
[Boundary] overload(string) -> v2
[Boundary] overload(int) -> v2
[Boundary] generic<String> -> v1, value=hello
[Boundary] generic<Int32> -> v1, value=99
[Boundary] static void -> v2
[Boundary] static ret -> v2
[Boundary] static out -> v2
[Boundary] overload(string) -> v2
[Boundary] overload(int) -> v2
[Boundary] generic<String> -> v1, value=hello
[Boundary] generic<Int32> -> v1, value=99
[Boundary] static void -> v2
[Boundary] static ret -> v2
[Boundary] static out -> v2
[Boundary] overload(string) -> v2
[Boundary] overload(int) -> v2
[Boundary] generic<String> -> v1, value=hello
[Boundary] generic<Int32> -> v1, value=99
[Boundary] static void -> v2
[Boundary] static ret -> v2
[Boundary] static out -> v2
[Boundary] overload(string) -> v2
[Boundary] overload(int) -> v2
[Boundary] generic<String> -> v1, value=hello
[Boundary] generic<Int32> -> v1, value=99
[Boundary] static void -> v2
[Boundary] static ret -> v2
[Boundary] static out -> v2
[Boundary] overload(string) -> v2
[Boundary] overload(int) -> v2
[Boundary] generic<String> -> v1, value=hello
[Boundary] generic<Int32> -> v1, value=99
[Boundary] Round=290: all calls completed
[Boundary] static void -> v2
[Boundary] static ret -> v2
[Boundary] static out -> v2
[Boundary] overload(string) -> v2
[Boundary] overload(int) -> v2
[Boundary] generic<String> -> v1, value=hello
[Boundary] generic<Int32> -> v1, value=99
[Boundary] static void -> v2
[Boundary] static ret -> v2
[Boundary] static out -> v2
[Boundary] overload(string) -> v2
[Boundary] overload(int) -> v2
[Boundary] generic<String> -> v1, value=hello
[Boundary] generic<Int32> -> v1, value=99
[Boundary] static void -> v2
[Boundary] static ret -> v2
[Boundary] static out -> v2
[Boundary] overload(string) -> v2
[Boundary] overload(int) -> v2
[Boundary] generic<String> -> v1, value=hello
[Boundary] generic<Int32> -> v1, value=99
[Boundary] static void -> v2
[Boundary] static ret -> v2
[Boundary] static out -> v2
[Boundary] overload(string) -> v2
[Boundary] overload(int) -> v2
[Boundary] generic<String> -> v1, value=hello
[Boundary] generic<Int32> -> v1, value=99
[Boundary] static void -> v2
[Boundary] static ret -> v2
[Boundary] static out -> v2
[Boundary] overload(string) -> v2
[Boundary] overload(int) -> v2
[Boundary] generic<String> -> v1, value=hello
[Boundary] generic<Int32> -> v1, value=99
[Boundary] static void -> v2
[Boundary] static ret -> v2
[Boundary] static out -> v2
[Boundary] overload(string) -> v2
[Boundary] overload(int) -> v2
[Boundary] generic<String> -> v1, value=hello
[Boundary] generic<Int32> -> v1, value=99
[Boundary] static void -> v2
[Boundary] static ret -> v2
[Boundary] static out -> v2
[Boundary] overload(string) -> v2
[Boundary] overload(int) -> v2
[Boundary] generic<String> -> v1, value=hello
[Boundary] generic<Int32> -> v1, value=99
[Boundary] static void -> v2
[Boundary] static ret -> v2
[Boundary] static out -> v2
[Boundary] overload(string) -> v2
[Boundary] overload(int) -> v2
[Boundary] generic<String> -> v1, value=hello
[Boundary] generic<Int32> -> v1, value=99
[Boundary] static void -> v2
[Boundary] static ret -> v2
[Boundary] static out -> v2
[Boundary] overload(string) -> v2
[Boundary] overload(int) -> v2
[Boundary] generic<String> -> v1, value=hello
[Boundary] generic<Int32> -> v1, value=99
[Boundary] static void -> v2
[Boundary] static ret -> v2
[Boundary] static out -> v2
[Boundary] overload(string) -> v2
[Boundary] overload(int) -> v2
[Boundary] generic<String> -> v1, value=hello
[Boundary] generic<Int32> -> v1, value=99
[Boundary] Round=300: all calls completed
[Boundary] static void -> v2
[Boundary] static ret -> v2
[Boundary] static out -> v2
[Boundary] overload(string) -> v2
[Boundary] overload(int) -> v2
[Boundary] generic<String> -> v1, value=hello
[Boundary] generic<Int32> -> v1, value=99
[Boundary] static void -> v2
[Boundary] static ret -> v2
[Boundary] static out -> v2
[Boundary] overload(string) -> v2
[Boundary] overload(int) -> v2
[Boundary] generic<String> -> v1, value=hello
[Boundary] generic<Int32> -> v1, value=99
[Boundary] static void -> v2
[Boundary] static ret -> v2
[Boundary] static out -> v2
[Boundary] overload(string) -> v2
[Boundary] overload(int) -> v2
[Boundary] generic<String> -> v1, value=hello
[Boundary] generic<Int32> -> v1, value=99
[Boundary] static void -> v2
[Boundary] static ret -> v2
[Boundary] static out -> v2
[Boundary] overload(string) -> v2
[Boundary] overload(int) -> v2
[Boundary] generic<String> -> v1, value=hello
[Boundary] generic<Int32> -> v1, value=99
[Boundary] static void -> v2
[Boundary] static ret -> v2
[Boundary] static out -> v2
[Boundary] overload(string) -> v2
[Boundary] overload(int) -> v2
[Boundary] generic<String> -> v1, value=hello
[Boundary] generic<Int32> -> v1, value=99
[Boundary] static void -> v2
[Boundary] static ret -> v2
[Boundary] static out -> v2
[Boundary] overload(string) -> v2
[Boundary] overload(int) -> v2
[Boundary] generic<String> -> v1, value=hello
[Boundary] generic<Int32> -> v1, value=99
[Boundary] static void -> v2
[Boundary] static ret -> v2
[Boundary] static out -> v2
[Boundary] overload(string) -> v2
[Boundary] overload(int) -> v2
[Boundary] generic<String> -> v1, value=hello
[Boundary] generic<Int32> -> v1, value=99
[Boundary] static void -> v2
[Boundary] static ret -> v2
[Boundary] static out -> v2
[Boundary] overload(string) -> v2
[Boundary] overload(int) -> v2
[Boundary] generic<String> -> v1, value=hello
[Boundary] generic<Int32> -> v1, value=99
[Boundary] static void -> v2
[Boundary] static ret -> v2
[Boundary] static out -> v2
[Boundary] overload(string) -> v2
[Boundary] overload(int) -> v2
[Boundary] generic<String> -> v1, value=hello
[Boundary] generic<Int32> -> v1, value=99
[Boundary] static void -> v2
[Boundary] static ret -> v2
[Boundary] static out -> v2
[Boundary] overload(string) -> v2
[Boundary] overload(int) -> v2
[Boundary] generic<String> -> v1, value=hello
[Boundary] generic<Int32> -> v1, value=99
[Boundary] Round=310: all calls completed
[Boundary] static void -> v2
[Boundary] static ret -> v2
[Boundary] static out -> v2
[Boundary] overload(string) -> v2
[Boundary] overload(int) -> v2
[Boundary] generic<String> -> v1, value=hello
[Boundary] generic<Int32> -> v1, value=99
[Boundary] static void -> v2
[Boundary] static ret -> v2
[Boundary] static out -> v2
[Boundary] overload(string) -> v2
[Boundary] overload(int) -> v2
[Boundary] generic<String> -> v1, value=hello
[Boundary] generic<Int32> -> v1, value=99
[Boundary] static void -> v2
[Boundary] static ret -> v2
[Boundary] static out -> v2
[Boundary] overload(string) -> v2
[Boundary] overload(int) -> v2
[Boundary] generic<String> -> v1, value=hello
[Boundary] generic<Int32> -> v1, value=99
[Boundary] static void -> v2
[Boundary] static ret -> v2
[Boundary] static out -> v2
[Boundary] overload(string) -> v2
[Boundary] overload(int) -> v2
[Boundary] generic<String> -> v1, value=hello
[Boundary] generic<Int32> -> v1, value=99
[Boundary] static void -> v2
[Boundary] static ret -> v2
[Boundary] static out -> v2
[Boundary] overload(string) -> v2
[Boundary] overload(int) -> v2
[Boundary] generic<String> -> v1, value=hello
[Boundary] generic<Int32> -> v1, value=99
[Boundary] static void -> v2
[Boundary] static ret -> v2
[Boundary] static out -> v2
[Boundary] overload(string) -> v2
[Boundary] overload(int) -> v2
[Boundary] generic<String> -> v1, value=hello
[Boundary] generic<Int32> -> v1, value=99
[Boundary] static void -> v2
[Boundary] static ret -> v2
[Boundary] static out -> v2
[Boundary] overload(string) -> v2
[Boundary] overload(int) -> v2
[Boundary] generic<String> -> v1, value=hello
[Boundary] generic<Int32> -> v1, value=99
[Boundary] static void -> v2
[Boundary] static ret -> v2
[Boundary] static out -> v2
[Boundary] overload(string) -> v2
[Boundary] overload(int) -> v2
[Boundary] generic<String> -> v1, value=hello
[Boundary] generic<Int32> -> v1, value=99
[Boundary] static void -> v2
[Boundary] static ret -> v2
[Boundary] static out -> v2
[Boundary] overload(string) -> v2
[Boundary] overload(int) -> v2
[Boundary] generic<String> -> v1, value=hello
[Boundary] generic<Int32> -> v1, value=99
[Boundary] static void -> v2
[Boundary] static ret -> v2
[Boundary] static out -> v2
[Boundary] overload(string) -> v2
[Boundary] overload(int) -> v2
[Boundary] generic<String> -> v1, value=hello
[Boundary] generic<Int32> -> v1, value=99
[Boundary] Round=320: all calls completed
[Boundary] static void -> v2
[Boundary] static ret -> v2
[Boundary] static out -> v2
[Boundary] overload(string) -> v2
[Boundary] overload(int) -> v2
[Boundary] generic<String> -> v1, value=hello
[Boundary] generic<Int32> -> v1, value=99
[Boundary] static void -> v2
[Boundary] static ret -> v2
[Boundary] static out -> v2
[Boundary] overload(string) -> v2
[Boundary] overload(int) -> v2
[Boundary] generic<String> -> v1, value=hello
[Boundary] generic<Int32> -> v1, value=99
[Boundary] static void -> v2
[Boundary] static ret -> v2
[Boundary] static out -> v2
[Boundary] overload(string) -> v2
[Boundary] overload(int) -> v2
[Boundary] generic<String> -> v1, value=hello
[Boundary] generic<Int32> -> v1, value=99
[Boundary] static void -> v2
[Boundary] static ret -> v2
[Boundary] static out -> v2
[Boundary] overload(string) -> v2
[Boundary] overload(int) -> v2
[Boundary] generic<String> -> v1, value=hello
[Boundary] generic<Int32> -> v1, value=99
[Boundary] static void -> v2
[Boundary] static ret -> v2
[Boundary] static out -> v2
[Boundary] overload(string) -> v2
[Boundary] overload(int) -> v2
[Boundary] generic<String> -> v1, value=hello
[Boundary] generic<Int32> -> v1, value=99
[Boundary] static void -> v2
[Boundary] static ret -> v2
[Boundary] static out -> v2
[Boundary] overload(string) -> v2
[Boundary] overload(int) -> v2
[Boundary] generic<String> -> v1, value=hello
[Boundary] generic<Int32> -> v1, value=99
[Boundary] static void -> v2
[Boundary] static ret -> v2
[Boundary] static out -> v2
[Boundary] overload(string) -> v2
[Boundary] overload(int) -> v2
[Boundary] generic<String> -> v1, value=hello
[Boundary] generic<Int32> -> v1, value=99
[Boundary] static void -> v2
[Boundary] static ret -> v2
[Boundary] static out -> v2
[Boundary] overload(string) -> v2
[Boundary] overload(int) -> v2
[Boundary] generic<String> -> v1, value=hello
[Boundary] generic<Int32> -> v1, value=99
[Boundary] static void -> v2
[Boundary] static ret -> v2
[Boundary] static out -> v2
[Boundary] overload(string) -> v2
[Boundary] overload(int) -> v2
[Boundary] generic<String> -> v1, value=hello
[Boundary] generic<Int32> -> v1, value=99
[Boundary] static void -> v2
[Boundary] static ret -> v2
[Boundary] static out -> v2
[Boundary] overload(string) -> v2
[Boundary] overload(int) -> v2
[Boundary] generic<String> -> v1, value=hello
[Boundary] generic<Int32> -> v1, value=99
[Boundary] Round=330: all calls completed
[Boundary] static void -> v2
[Boundary] static ret -> v2
[Boundary] static out -> v2
[Boundary] overload(string) -> v2
[Boundary] overload(int) -> v2
[Boundary] generic<String> -> v1, value=hello
[Boundary] generic<Int32> -> v1, value=99
[Hot Reload Live] Changed: HotReloadRuntime.cs
[Hot Reload Live] Changed: HotReloadRuntime.cs
[Boundary] static void -> v2
[Boundary] static ret -> v2
[Boundary] static out -> v2
[Boundary] overload(string) -> v2
[Boundary] overload(int) -> v2
[Boundary] generic<String> -> v1, value=hello
[Boundary] generic<Int32> -> v1, value=99
[Boundary] static void -> v2
[Boundary] static ret -> v2
[Boundary] static out -> v2
[Boundary] overload(string) -> v2
[Boundary] overload(int) -> v2
[Boundary] generic<String> -> v1, value=hello
[Boundary] generic<Int32> -> v1, value=99
[Boundary] static void -> v2
[Boundary] static ret -> v2
[Boundary] static out -> v2
[Boundary] overload(string) -> v2
[Boundary] overload(int) -> v2
[Boundary] generic<String> -> v1, value=hello
[Boundary] generic<Int32> -> v1, value=99
[Hot Reload Live] 📦 Building v2 …
[Hot Reload Live] 📂 Built: D:/GodotHotReload/.hotswap/v2/GodotHotReload.dll
[Hot Reload Live] 🔍 Old static methods: 6 / New: 6
ERROR: [Hot Reload Live] ❌ Patch failed StaticGeneric: Specified method is not supported.
   at: void GodotHotReload.HotReloadRuntime.ApplyPatch(System.Reflection.Assembly) (res://src/HotReloadRuntime.cs:293)
   C# backtrace (most recent call first):
       [0] void Godot.GD.PushError(string) (/root/godot/modules/mono/glue/GodotSharp/GodotSharp/Core/GD.cs:366)
       [1] void GodotHotReload.HotReloadRuntime.ApplyPatch(System.Reflection.Assembly) (D:\GodotHotReload\src\HotReload
Runtime.cs:293)
       [2] void GodotHotReload.HotReloadRuntime.CompileLoadPatch() (D:\GodotHotReload\src\HotReloadRuntime.cs:228)
       [3] void GodotHotReload.HotReloadRuntime._Process(double) (D:\GodotHotReload\src\HotReloadRuntime.cs:132)
       [4] bool Godot.Node.InvokeGodotClassMethod(Godot.NativeInterop.godot_string_name&, Godot.NativeInterop.NativeVar
iantPtrArgs, Godot.NativeInterop.godot_variant&) (/root/godot/modules/mono/glue/GodotSharp/GodotSharp/Generated/GodotOb
jects/Node.cs:2654)
       [5] bool GodotHotReload.HotReloadRuntime.InvokeGodotClassMethod(Godot.NativeInterop.godot_string_name&, Godot.Na
tiveInterop.NativeVariantPtrArgs, Godot.NativeInterop.godot_variant&) (D:\GodotHotReload\.godot\mono\temp\obj\Debug\God
ot.SourceGenerators\Godot.SourceGenerators.ScriptMethodsGenerator\GodotHotReload.HotReloadRuntime_ScriptMethods.generat
ed.cs:110)
       [6] Godot.NativeInterop.godot_bool Godot.Bridge.CSharpInstanceBridge.Call(nint, Godot.NativeInterop.godot_string
_name*, Godot.NativeInterop.godot_variant**, int, Godot.NativeInterop.godot_variant_call_error*, Godot.NativeInterop.go
dot_variant*) (/root/godot/modules/mono/glue/GodotSharp/GodotSharp/Core/Bridge/CSharpInstanceBridge.cs:24)
[Hot Reload Live] 🎉 v2: 0 new / 5 updated / 1 failed
[Boundary] static void -> v2
[Boundary] static ret -> v2
[Boundary] static out -> v2
[Boundary] overload(string) -> v2
[Boundary] overload(int) -> v2
[Boundary] generic<String> -> v1, value=hello
[Boundary] generic<Int32> -> v1, value=99
[Boundary] static void -> v2
[Boundary] static ret -> v2
[Boundary] static out -> v2
[Boundary] overload(string) -> v2
[Boundary] overload(int) -> v2
[Boundary] generic<String> -> v1, value=hello
[Boundary] generic<Int32> -> v1, value=99
[Boundary] static void -> v2
[Boundary] static ret -> v2
[Boundary] static out -> v2
[Boundary] overload(string) -> v2
[Boundary] overload(int) -> v2
[Boundary] generic<String> -> v1, value=hello
[Boundary] generic<Int32> -> v1, value=99
[Boundary] static void -> v2
[Boundary] static ret -> v2
[Boundary] static out -> v2
[Boundary] overload(string) -> v2
[Boundary] overload(int) -> v2
[Boundary] generic<String> -> v1, value=hello
[Boundary] generic<Int32> -> v1, value=99
[Boundary] static void -> v2
[Boundary] static ret -> v2
[Boundary] static out -> v2
[Boundary] overload(string) -> v2
[Boundary] overload(int) -> v2
[Boundary] generic<String> -> v1, value=hello
[Boundary] generic<Int32> -> v1, value=99
[Boundary] static void -> v2
[Boundary] static ret -> v2
[Boundary] static out -> v2
[Boundary] overload(string) -> v2
[Boundary] overload(int) -> v2
[Boundary] generic<String> -> v1, value=hello
[Boundary] generic<Int32> -> v1, value=99
[Boundary] Round=340: all calls completed
[Boundary] static void -> v2
[Boundary] static ret -> v2
[Boundary] static out -> v2
[Boundary] overload(string) -> v2
[Boundary] overload(int) -> v2
[Boundary] generic<String> -> v1, value=hello
[Boundary] generic<Int32> -> v1, value=99
[Boundary] static void -> v2
[Boundary] static ret -> v2
[Boundary] static out -> v2
[Boundary] overload(string) -> v2
[Boundary] overload(int) -> v2
[Boundary] generic<String> -> v1, value=hello
[Boundary] generic<Int32> -> v1, value=99
[Boundary] static void -> v2
[Boundary] static ret -> v2
[Boundary] static out -> v2
[Boundary] overload(string) -> v2
[Boundary] overload(int) -> v2
[Boundary] generic<String> -> v1, value=hello
[Boundary] generic<Int32> -> v1, value=99
[Boundary] static void -> v2
[Boundary] static ret -> v2
[Boundary] static out -> v2
[Boundary] overload(string) -> v2
[Boundary] overload(int) -> v2
[Boundary] generic<String> -> v1, value=hello
[Boundary] generic<Int32> -> v1, value=99
[Boundary] static void -> v2
[Boundary] static ret -> v2
[Boundary] static out -> v2
[Boundary] overload(string) -> v2
[Boundary] overload(int) -> v2
[Boundary] generic<String> -> v1, value=hello
[Boundary] generic<Int32> -> v1, value=99
[Boundary] static void -> v2
[Boundary] static ret -> v2
[Boundary] static out -> v2
[Boundary] overload(string) -> v2
[Boundary] overload(int) -> v2
[Boundary] generic<String> -> v1, value=hello
[Boundary] generic<Int32> -> v1, value=99
[Boundary] static void -> v2
[Boundary] static ret -> v2
[Boundary] static out -> v2
[Boundary] overload(string) -> v2
[Boundary] overload(int) -> v2
[Boundary] generic<String> -> v1, value=hello
[Boundary] generic<Int32> -> v1, value=99
[Boundary] static void -> v2
[Boundary] static ret -> v2
[Boundary] static out -> v2
[Boundary] overload(string) -> v2
[Boundary] overload(int) -> v2
[Boundary] generic<String> -> v1, value=hello
[Boundary] generic<Int32> -> v1, value=99
[Boundary] static void -> v2
[Boundary] static ret -> v2
[Boundary] static out -> v2
[Boundary] overload(string) -> v2
[Boundary] overload(int) -> v2
[Boundary] generic<String> -> v1, value=hello
[Boundary] generic<Int32> -> v1, value=99
[Boundary] static void -> v2
[Boundary] static ret -> v2
[Boundary] static out -> v2
[Boundary] overload(string) -> v2
[Boundary] overload(int) -> v2
[Boundary] generic<String> -> v1, value=hello
[Boundary] generic<Int32> -> v1, value=99
[Boundary] Round=350: all calls completed
[Boundary] static void -> v2
[Boundary] static ret -> v2
[Boundary] static out -> v2
[Boundary] overload(string) -> v2
[Boundary] overload(int) -> v2
[Boundary] generic<String> -> v1, value=hello
[Boundary] generic<Int32> -> v1, value=99
[Boundary] static void -> v2
[Boundary] static ret -> v2
[Boundary] static out -> v2
[Boundary] overload(string) -> v2
[Boundary] overload(int) -> v2
[Boundary] generic<String> -> v1, value=hello
[Boundary] generic<Int32> -> v1, value=99
[Boundary] static void -> v2
[Boundary] static ret -> v2
[Boundary] static out -> v2
[Boundary] overload(string) -> v2
[Boundary] overload(int) -> v2
[Boundary] generic<String> -> v1, value=hello
[Boundary] generic<Int32> -> v1, value=99
[Boundary] static void -> v2
[Boundary] static ret -> v2
[Boundary] static out -> v2
[Boundary] overload(string) -> v2
[Boundary] overload(int) -> v2
[Boundary] generic<String> -> v1, value=hello
[Boundary] generic<Int32> -> v1, value=99
[Boundary] static void -> v2
[Boundary] static ret -> v2
[Boundary] static out -> v2
[Boundary] overload(string) -> v2
[Boundary] overload(int) -> v2
[Boundary] generic<String> -> v1, value=hello
[Boundary] generic<Int32> -> v1, value=99
[Boundary] static void -> v2
[Boundary] static ret -> v2
[Boundary] static out -> v2
[Boundary] overload(string) -> v2
[Boundary] overload(int) -> v2
[Boundary] generic<String> -> v1, value=hello
[Boundary] generic<Int32> -> v1, value=99
[Boundary] static void -> v2
[Boundary] static ret -> v2
[Boundary] static out -> v2
[Boundary] overload(string) -> v2
[Boundary] overload(int) -> v2
[Boundary] generic<String> -> v1, value=hello
[Boundary] generic<Int32> -> v1, value=99
[Boundary] static void -> v2
[Boundary] static ret -> v2
[Boundary] static out -> v2
[Boundary] overload(string) -> v2
[Boundary] overload(int) -> v2
[Boundary] generic<String> -> v1, value=hello
[Boundary] generic<Int32> -> v1, value=99
[Boundary] static void -> v2
[Boundary] static ret -> v2
[Boundary] static out -> v2
[Boundary] overload(string) -> v2
[Boundary] overload(int) -> v2
[Boundary] generic<String> -> v1, value=hello
[Boundary] generic<Int32> -> v1, value=99
[Boundary] static void -> v2
[Boundary] static ret -> v2
[Boundary] static out -> v2
[Boundary] overload(string) -> v2
[Boundary] overload(int) -> v2
[Boundary] generic<String> -> v1, value=hello
[Boundary] generic<Int32> -> v1, value=99
[Boundary] Round=360: all calls completed
[Boundary] static void -> v2
[Boundary] static ret -> v2
[Boundary] static out -> v2
[Boundary] overload(string) -> v2
[Boundary] overload(int) -> v2
[Boundary] generic<String> -> v1, value=hello
[Boundary] generic<Int32> -> v1, value=99
