Godot Engine v4.7.2.stable.mono.official.ed1daf0bf - https://godotengine.org

[Hot Reload Live] ✅ Runtime started — watching D:/GodotHotReload/
[Boundary] static void -> v1
[Boundary] static ret -> v1
[Boundary] static out -> v1
[Boundary] overload(string) -> v1
[Boundary] overload(int) -> v1
[Boundary] generic<String> -> v1, value=hello
[Boundary] generic<Int32> -> v1, value=99
[Boundary] static void -> v1
[Boundary] static ret -> v1
[Boundary] static out -> v1
[Boundary] overload(string) -> v1
[Boundary] overload(int) -> v1
[Boundary] generic<String> -> v1, value=hello
[Boundary] generic<Int32> -> v1, value=99
[Boundary] static void -> v1
[Boundary] static ret -> v1
[Boundary] static out -> v1
[Boundary] overload(string) -> v1
[Boundary] overload(int) -> v1
[Boundary] generic<String> -> v1, value=hello
[Boundary] generic<Int32> -> v1, value=99
[Boundary] static void -> v1
[Boundary] static ret -> v1
[Boundary] static out -> v1
[Boundary] overload(string) -> v1
[Boundary] overload(int) -> v1
[Boundary] generic<String> -> v1, value=hello
[Boundary] generic<Int32> -> v1, value=99
[Boundary] static void -> v1
[Boundary] static ret -> v1
[Boundary] static out -> v1
[Boundary] overload(string) -> v1
[Boundary] overload(int) -> v1
[Boundary] generic<String> -> v1, value=hello
[Boundary] generic<Int32> -> v1, value=99
[Boundary] static void -> v1
[Boundary] static ret -> v1
[Boundary] static out -> v1
[Boundary] overload(string) -> v1
[Boundary] overload(int) -> v1
[Boundary] generic<String> -> v1, value=hello
[Boundary] generic<Int32> -> v1, value=99
[Boundary] static void -> v1
[Boundary] static ret -> v1
[Boundary] static out -> v1
[Boundary] overload(string) -> v1
[Boundary] overload(int) -> v1
[Boundary] generic<String> -> v1, value=hello
[Boundary] generic<Int32> -> v1, value=99
[Boundary] static void -> v1
[Boundary] static ret -> v1
[Boundary] static out -> v1
[Boundary] overload(string) -> v1
[Boundary] overload(int) -> v1
[Boundary] generic<String> -> v1, value=hello
[Boundary] generic<Int32> -> v1, value=99
[Boundary] static void -> v1
[Boundary] static ret -> v1
[Boundary] static out -> v1
[Boundary] overload(string) -> v1
[Boundary] overload(int) -> v1
[Boundary] generic<String> -> v1, value=hello
[Boundary] generic<Int32> -> v1, value=99
[Boundary] static void -> v1
[Boundary] static ret -> v1
[Boundary] static out -> v1
[Boundary] overload(string) -> v1
[Boundary] overload(int) -> v1
[Boundary] generic<String> -> v1, value=hello
[Boundary] generic<Int32> -> v1, value=99
[Boundary] Round=10: all calls completed
[Boundary] static void -> v1
[Boundary] static ret -> v1
[Boundary] static out -> v1
[Boundary] overload(string) -> v1
[Boundary] overload(int) -> v1
[Boundary] generic<String> -> v1, value=hello
[Boundary] generic<Int32> -> v1, value=99
[Boundary] static void -> v1
[Boundary] static ret -> v1
[Boundary] static out -> v1
[Boundary] overload(string) -> v1
[Boundary] overload(int) -> v1
[Boundary] generic<String> -> v1, value=hello
[Boundary] generic<Int32> -> v1, value=99
[Boundary] static void -> v1
[Boundary] static ret -> v1
[Boundary] static out -> v1
[Boundary] overload(string) -> v1
[Boundary] overload(int) -> v1
[Boundary] generic<String> -> v1, value=hello
[Boundary] generic<Int32> -> v1, value=99
[Boundary] static void -> v1
[Boundary] static ret -> v1
[Boundary] static out -> v1
[Boundary] overload(string) -> v1
[Boundary] overload(int) -> v1
[Boundary] generic<String> -> v1, value=hello
[Boundary] generic<Int32> -> v1, value=99
[Boundary] static void -> v1
[Boundary] static ret -> v1
[Boundary] static out -> v1
[Boundary] overload(string) -> v1
[Boundary] overload(int) -> v1
[Boundary] generic<String> -> v1, value=hello
[Boundary] generic<Int32> -> v1, value=99
[Boundary] static void -> v1
[Boundary] static ret -> v1
[Boundary] static out -> v1
[Boundary] overload(string) -> v1
[Boundary] overload(int) -> v1
[Boundary] generic<String> -> v1, value=hello
[Boundary] generic<Int32> -> v1, value=99
[Boundary] static void -> v1
[Boundary] static ret -> v1
[Boundary] static out -> v1
[Boundary] overload(string) -> v1
[Boundary] overload(int) -> v1
[Boundary] generic<String> -> v1, value=hello
[Boundary] generic<Int32> -> v1, value=99
[Boundary] static void -> v1
[Boundary] static ret -> v1
[Boundary] static out -> v1
[Boundary] overload(string) -> v1
[Boundary] overload(int) -> v1
[Boundary] generic<String> -> v1, value=hello
[Boundary] generic<Int32> -> v1, value=99
[Boundary] static void -> v1
[Boundary] static ret -> v1
[Boundary] static out -> v1
[Boundary] overload(string) -> v1
[Boundary] overload(int) -> v1
[Boundary] generic<String> -> v1, value=hello
[Boundary] generic<Int32> -> v1, value=99
[Boundary] static void -> v1
[Boundary] static ret -> v1
[Boundary] static out -> v1
[Boundary] overload(string) -> v1
[Boundary] overload(int) -> v1
[Boundary] generic<String> -> v1, value=hello
[Boundary] generic<Int32> -> v1, value=99
[Boundary] Round=20: all calls completed
[Boundary] static void -> v1
[Boundary] static ret -> v1
[Boundary] static out -> v1
[Boundary] overload(string) -> v1
[Boundary] overload(int) -> v1
[Boundary] generic<String> -> v1, value=hello
[Boundary] generic<Int32> -> v1, value=99
[Boundary] static void -> v1
[Boundary] static ret -> v1
[Boundary] static out -> v1
[Boundary] overload(string) -> v1
[Boundary] overload(int) -> v1
[Boundary] generic<String> -> v1, value=hello
[Boundary] generic<Int32> -> v1, value=99
[Boundary] static void -> v1
[Boundary] static ret -> v1
[Boundary] static out -> v1
[Boundary] overload(string) -> v1
[Boundary] overload(int) -> v1
[Boundary] generic<String> -> v1, value=hello
[Boundary] generic<Int32> -> v1, value=99
[Boundary] static void -> v1
[Boundary] static ret -> v1
[Boundary] static out -> v1
[Boundary] overload(string) -> v1
[Boundary] overload(int) -> v1
[Boundary] generic<String> -> v1, value=hello
[Boundary] generic<Int32> -> v1, value=99
[Boundary] static void -> v1
[Boundary] static ret -> v1
[Boundary] static out -> v1
[Boundary] overload(string) -> v1
[Boundary] overload(int) -> v1
[Boundary] generic<String> -> v1, value=hello
[Boundary] generic<Int32> -> v1, value=99
[Boundary] static void -> v1
[Boundary] static ret -> v1
[Boundary] static out -> v1
[Boundary] overload(string) -> v1
[Boundary] overload(int) -> v1
[Boundary] generic<String> -> v1, value=hello
[Boundary] generic<Int32> -> v1, value=99
[Boundary] static void -> v1
[Boundary] static ret -> v1
[Boundary] static out -> v1
[Boundary] overload(string) -> v1
[Boundary] overload(int) -> v1
[Boundary] generic<String> -> v1, value=hello
[Boundary] generic<Int32> -> v1, value=99
[Boundary] static void -> v1
[Boundary] static ret -> v1
[Boundary] static out -> v1
[Boundary] overload(string) -> v1
[Boundary] overload(int) -> v1
[Boundary] generic<String> -> v1, value=hello
[Boundary] generic<Int32> -> v1, value=99
[Boundary] static void -> v1
[Boundary] static ret -> v1
[Boundary] static out -> v1
[Boundary] overload(string) -> v1
[Boundary] overload(int) -> v1
[Boundary] generic<String> -> v1, value=hello
[Boundary] generic<Int32> -> v1, value=99
[Boundary] static void -> v1
[Boundary] static ret -> v1
[Boundary] static out -> v1
[Boundary] overload(string) -> v1
[Boundary] overload(int) -> v1
[Boundary] generic<String> -> v1, value=hello
[Boundary] generic<Int32> -> v1, value=99
[Boundary] Round=30: all calls completed
[Boundary] static void -> v1
[Boundary] static ret -> v1
[Boundary] static out -> v1
[Boundary] overload(string) -> v1
[Boundary] overload(int) -> v1
[Boundary] generic<String> -> v1, value=hello
[Boundary] generic<Int32> -> v1, value=99
[Boundary] static void -> v1
[Boundary] static ret -> v1
[Boundary] static out -> v1
[Boundary] overload(string) -> v1
[Boundary] overload(int) -> v1
[Boundary] generic<String> -> v1, value=hello
[Boundary] generic<Int32> -> v1, value=99
[Boundary] static void -> v1
[Boundary] static ret -> v1
[Boundary] static out -> v1
[Boundary] overload(string) -> v1
[Boundary] overload(int) -> v1
[Boundary] generic<String> -> v1, value=hello
[Boundary] generic<Int32> -> v1, value=99
[Boundary] static void -> v1
[Boundary] static ret -> v1
[Boundary] static out -> v1
[Boundary] overload(string) -> v1
[Boundary] overload(int) -> v1
[Boundary] generic<String> -> v1, value=hello
[Boundary] generic<Int32> -> v1, value=99
[Boundary] static void -> v1
[Boundary] static ret -> v1
[Boundary] static out -> v1
[Boundary] overload(string) -> v1
[Boundary] overload(int) -> v1
[Boundary] generic<String> -> v1, value=hello
[Boundary] generic<Int32> -> v1, value=99
[Boundary] static void -> v1
[Boundary] static ret -> v1
[Boundary] static out -> v1
[Boundary] overload(string) -> v1
[Boundary] overload(int) -> v1
[Boundary] generic<String> -> v1, value=hello
[Boundary] generic<Int32> -> v1, value=99
[Boundary] static void -> v1
[Boundary] static ret -> v1
[Boundary] static out -> v1
[Boundary] overload(string) -> v1
[Boundary] overload(int) -> v1
[Boundary] generic<String> -> v1, value=hello
[Boundary] generic<Int32> -> v1, value=99
[Boundary] static void -> v1
[Boundary] static ret -> v1
[Boundary] static out -> v1
[Boundary] overload(string) -> v1
[Boundary] overload(int) -> v1
[Boundary] generic<String> -> v1, value=hello
[Boundary] generic<Int32> -> v1, value=99
[Boundary] static void -> v1
[Boundary] static ret -> v1
[Boundary] static out -> v1
[Boundary] overload(string) -> v1
[Boundary] overload(int) -> v1
[Boundary] generic<String> -> v1, value=hello
[Boundary] generic<Int32> -> v1, value=99
[Boundary] static void -> v1
[Boundary] static ret -> v1
[Boundary] static out -> v1
[Boundary] overload(string) -> v1
[Boundary] overload(int) -> v1
[Boundary] generic<String> -> v1, value=hello
[Boundary] generic<Int32> -> v1, value=99
[Boundary] Round=40: all calls completed
[Boundary] static void -> v1
[Boundary] static ret -> v1
[Boundary] static out -> v1
[Boundary] overload(string) -> v1
[Boundary] overload(int) -> v1
[Boundary] generic<String> -> v1, value=hello
[Boundary] generic<Int32> -> v1, value=99
[Boundary] static void -> v1
[Boundary] static ret -> v1
[Boundary] static out -> v1
[Boundary] overload(string) -> v1
[Boundary] overload(int) -> v1
[Boundary] generic<String> -> v1, value=hello
[Boundary] generic<Int32> -> v1, value=99
[Boundary] static void -> v1
[Boundary] static ret -> v1
[Boundary] static out -> v1
[Boundary] overload(string) -> v1
[Boundary] overload(int) -> v1
[Boundary] generic<String> -> v1, value=hello
[Boundary] generic<Int32> -> v1, value=99
[Boundary] static void -> v1
[Boundary] static ret -> v1
[Boundary] static out -> v1
[Boundary] overload(string) -> v1
[Boundary] overload(int) -> v1
[Boundary] generic<String> -> v1, value=hello
[Boundary] generic<Int32> -> v1, value=99
[Boundary] static void -> v1
[Boundary] static ret -> v1
[Boundary] static out -> v1
[Boundary] overload(string) -> v1
[Boundary] overload(int) -> v1
[Boundary] generic<String> -> v1, value=hello
[Boundary] generic<Int32> -> v1, value=99
[Boundary] static void -> v1
[Boundary] static ret -> v1
[Boundary] static out -> v1
[Boundary] overload(string) -> v1
[Boundary] overload(int) -> v1
[Boundary] generic<String> -> v1, value=hello
[Boundary] generic<Int32> -> v1, value=99
[Boundary] static void -> v1
[Boundary] static ret -> v1
[Boundary] static out -> v1
[Boundary] overload(string) -> v1
[Boundary] overload(int) -> v1
[Boundary] generic<String> -> v1, value=hello
[Boundary] generic<Int32> -> v1, value=99
[Boundary] static void -> v1
[Boundary] static ret -> v1
[Boundary] static out -> v1
[Boundary] overload(string) -> v1
[Boundary] overload(int) -> v1
[Boundary] generic<String> -> v1, value=hello
[Boundary] generic<Int32> -> v1, value=99
[Boundary] static void -> v1
[Boundary] static ret -> v1
[Boundary] static out -> v1
[Boundary] overload(string) -> v1
[Boundary] overload(int) -> v1
[Boundary] generic<String> -> v1, value=hello
[Boundary] generic<Int32> -> v1, value=99
[Boundary] static void -> v1
[Boundary] static ret -> v1
[Boundary] static out -> v1
[Boundary] overload(string) -> v1
[Boundary] overload(int) -> v1
[Boundary] generic<String> -> v1, value=hello
[Boundary] generic<Int32> -> v1, value=99
[Boundary] Round=50: all calls completed
[Boundary] static void -> v1
[Boundary] static ret -> v1
[Boundary] static out -> v1
[Boundary] overload(string) -> v1
[Boundary] overload(int) -> v1
[Boundary] generic<String> -> v1, value=hello
[Boundary] generic<Int32> -> v1, value=99
[Boundary] static void -> v1
[Boundary] static ret -> v1
[Boundary] static out -> v1
[Boundary] overload(string) -> v1
[Boundary] overload(int) -> v1
[Boundary] generic<String> -> v1, value=hello
[Boundary] generic<Int32> -> v1, value=99
[Boundary] static void -> v1
[Boundary] static ret -> v1
[Boundary] static out -> v1
[Boundary] overload(string) -> v1
[Boundary] overload(int) -> v1
[Boundary] generic<String> -> v1, value=hello
[Boundary] generic<Int32> -> v1, value=99
[Boundary] static void -> v1
[Boundary] static ret -> v1
[Boundary] static out -> v1
[Boundary] overload(string) -> v1
[Boundary] overload(int) -> v1
[Boundary] generic<String> -> v1, value=hello
[Boundary] generic<Int32> -> v1, value=99
[Boundary] static void -> v1
[Boundary] static ret -> v1
[Boundary] static out -> v1
[Boundary] overload(string) -> v1
[Boundary] overload(int) -> v1
[Boundary] generic<String> -> v1, value=hello
[Boundary] generic<Int32> -> v1, value=99
[Boundary] static void -> v1
[Boundary] static ret -> v1
[Boundary] static out -> v1
[Boundary] overload(string) -> v1
[Boundary] overload(int) -> v1
[Boundary] generic<String> -> v1, value=hello
[Boundary] generic<Int32> -> v1, value=99
[Boundary] static void -> v1
[Boundary] static ret -> v1
[Boundary] static out -> v1
[Boundary] overload(string) -> v1
[Boundary] overload(int) -> v1
[Boundary] generic<String> -> v1, value=hello
[Boundary] generic<Int32> -> v1, value=99
[Boundary] static void -> v1
[Boundary] static ret -> v1
[Boundary] static out -> v1
[Boundary] overload(string) -> v1
[Boundary] overload(int) -> v1
[Boundary] generic<String> -> v1, value=hello
[Boundary] generic<Int32> -> v1, value=99
[Boundary] static void -> v1
[Boundary] static ret -> v1
[Boundary] static out -> v1
[Boundary] overload(string) -> v1
[Boundary] overload(int) -> v1
[Boundary] generic<String> -> v1, value=hello
[Boundary] generic<Int32> -> v1, value=99
[Boundary] static void -> v1
[Boundary] static ret -> v1
[Boundary] static out -> v1
[Boundary] overload(string) -> v1
[Boundary] overload(int) -> v1
[Boundary] generic<String> -> v1, value=hello
[Boundary] generic<Int32> -> v1, value=99
[Boundary] Round=60: all calls completed
[Boundary] static void -> v1
[Boundary] static ret -> v1
[Boundary] static out -> v1
[Boundary] overload(string) -> v1
[Boundary] overload(int) -> v1
[Boundary] generic<String> -> v1, value=hello
[Boundary] generic<Int32> -> v1, value=99
[Boundary] static void -> v1
[Boundary] static ret -> v1
[Boundary] static out -> v1
[Boundary] overload(string) -> v1
[Boundary] overload(int) -> v1
[Boundary] generic<String> -> v1, value=hello
[Boundary] generic<Int32> -> v1, value=99
[Boundary] static void -> v1
[Boundary] static ret -> v1
[Boundary] static out -> v1
[Boundary] overload(string) -> v1
[Boundary] overload(int) -> v1
[Boundary] generic<String> -> v1, value=hello
[Boundary] generic<Int32> -> v1, value=99
[Boundary] static void -> v1
[Boundary] static ret -> v1
[Boundary] static out -> v1
[Boundary] overload(string) -> v1
[Boundary] overload(int) -> v1
[Boundary] generic<String> -> v1, value=hello
[Boundary] generic<Int32> -> v1, value=99
[Boundary] static void -> v1
[Boundary] static ret -> v1
[Boundary] static out -> v1
[Boundary] overload(string) -> v1
[Boundary] overload(int) -> v1
[Boundary] generic<String> -> v1, value=hello
[Boundary] generic<Int32> -> v1, value=99
[Boundary] static void -> v1
[Boundary] static ret -> v1
[Boundary] static out -> v1
[Boundary] overload(string) -> v1
[Boundary] overload(int) -> v1
[Boundary] generic<String> -> v1, value=hello
[Boundary] generic<Int32> -> v1, value=99
[Boundary] static void -> v1
[Boundary] static ret -> v1
[Boundary] static out -> v1
[Boundary] overload(string) -> v1
[Boundary] overload(int) -> v1
[Boundary] generic<String> -> v1, value=hello
[Boundary] generic<Int32> -> v1, value=99
[Boundary] static void -> v1
[Boundary] static ret -> v1
[Boundary] static out -> v1
[Boundary] overload(string) -> v1
[Boundary] overload(int) -> v1
[Boundary] generic<String> -> v1, value=hello
[Boundary] generic<Int32> -> v1, value=99
[Hot Reload Live] Changed: BoundaryDemo.cs
[Hot Reload Live] Changed: BoundaryDemo.cs
[Boundary] static void -> v1
[Boundary] static ret -> v1
[Boundary] static out -> v1
[Boundary] overload(string) -> v1
[Boundary] overload(int) -> v1
[Boundary] generic<String> -> v1, value=hello
[Boundary] generic<Int32> -> v1, value=99
[Boundary] static void -> v1
[Boundary] static ret -> v1
[Boundary] static out -> v1
[Boundary] overload(string) -> v1
[Boundary] overload(int) -> v1
[Boundary] generic<String> -> v1, value=hello
[Boundary] generic<Int32> -> v1, value=99
[Boundary] Round=70: all calls completed
[Hot Reload Live] 📦 Building v1 …
[Hot Reload Live] 📂 Built: D:/GodotHotReload/.hotswap/v1/GodotHotReload.dll
[Hot Reload Live] 🔍 Old static methods: 5 / New: 5
[Hot Reload Live] ✅ Patched: BoundaryDemo.StaticGreet
[Hot Reload Live] ✅ Patched: BoundaryDemo.StaticAdd
[Hot Reload Live] ✅ Patched: BoundaryDemo.StaticOutTest
[Hot Reload Live] ✅ Patched: BoundaryDemo.StaticOverload
[Hot Reload Live] ✅ Patched: BoundaryDemo.StaticOverload
[Hot Reload Live] 🎉 v1: 5 new / 0 updated / 0 failed
[Boundary] static void -> v2
[Boundary] static ret -> v2
[Boundary] static out -> v2
[Boundary] overload(string) -> v2
[Boundary] overload(int) -> v2
[Boundary] generic<String> -> v1, value=hello
[Boundary] generic<Int32> -> v1, value=99
[Boundary] static void -> v2
[Boundary] static ret -> v2
[Boundary] static out -> v2
[Boundary] overload(string) -> v2
[Boundary] overload(int) -> v2
[Boundary] generic<String> -> v1, value=hello
[Boundary] generic<Int32> -> v1, value=99
[Boundary] static void -> v2
[Boundary] static ret -> v2
[Boundary] static out -> v2
[Boundary] overload(string) -> v2
[Boundary] overload(int) -> v2
[Boundary] generic<String> -> v1, value=hello
[Boundary] generic<Int32> -> v1, value=99
[Boundary] static void -> v2
[Boundary] static ret -> v2
[Boundary] static out -> v2
[Boundary] overload(string) -> v2
[Boundary] overload(int) -> v2
[Boundary] generic<String> -> v1, value=hello
[Boundary] generic<Int32> -> v1, value=99
[Boundary] static void -> v2
[Boundary] static ret -> v2
[Boundary] static out -> v2
[Boundary] overload(string) -> v2
[Boundary] overload(int) -> v2
[Boundary] generic<String> -> v1, value=hello
[Boundary] generic<Int32> -> v1, value=99
[Boundary] static void -> v2
[Boundary] static ret -> v2
[Boundary] static out -> v2
[Boundary] overload(string) -> v2
[Boundary] overload(int) -> v2
[Boundary] generic<String> -> v1, value=hello
[Boundary] generic<Int32> -> v1, value=99
[Boundary] static void -> v2
[Boundary] static ret -> v2
[Boundary] static out -> v2
[Boundary] overload(string) -> v2
[Boundary] overload(int) -> v2
[Boundary] generic<String> -> v1, value=hello
[Boundary] generic<Int32> -> v1, value=99
[Boundary] static void -> v2
[Boundary] static ret -> v2
[Boundary] static out -> v2
[Boundary] overload(string) -> v2
[Boundary] overload(int) -> v2
[Boundary] generic<String> -> v1, value=hello
[Boundary] generic<Int32> -> v1, value=99
[Boundary] static void -> v2
[Boundary] static ret -> v2
[Boundary] static out -> v2
[Boundary] overload(string) -> v2
[Boundary] overload(int) -> v2
[Boundary] generic<String> -> v1, value=hello
[Boundary] generic<Int32> -> v1, value=99
[Boundary] static void -> v2
[Boundary] static ret -> v2
[Boundary] static out -> v2
[Boundary] overload(string) -> v2
[Boundary] overload(int) -> v2
[Boundary] generic<String> -> v1, value=hello
[Boundary] generic<Int32> -> v1, value=99
[Boundary] Round=80: all calls completed
[Boundary] static void -> v2
[Boundary] static ret -> v2
[Boundary] static out -> v2
[Boundary] overload(string) -> v2
[Boundary] overload(int) -> v2
[Boundary] generic<String> -> v1, value=hello
[Boundary] generic<Int32> -> v1, value=99
[Boundary] static void -> v2
[Boundary] static ret -> v2
[Boundary] static out -> v2
[Boundary] overload(string) -> v2
[Boundary] overload(int) -> v2
[Boundary] generic<String> -> v1, value=hello
[Boundary] generic<Int32> -> v1, value=99
[Boundary] static void -> v2
[Boundary] static ret -> v2
[Boundary] static out -> v2
[Boundary] overload(string) -> v2
[Boundary] overload(int) -> v2
[Boundary] generic<String> -> v1, value=hello
[Boundary] generic<Int32> -> v1, value=99
[Boundary] static void -> v2
[Boundary] static ret -> v2
[Boundary] static out -> v2
[Boundary] overload(string) -> v2
[Boundary] overload(int) -> v2
[Boundary] generic<String> -> v1, value=hello
[Boundary] generic<Int32> -> v1, value=99
[Boundary] static void -> v2
[Boundary] static ret -> v2
[Boundary] static out -> v2
[Boundary] overload(string) -> v2
[Boundary] overload(int) -> v2
[Boundary] generic<String> -> v1, value=hello
[Boundary] generic<Int32> -> v1, value=99
[Boundary] static void -> v2
[Boundary] static ret -> v2
[Boundary] static out -> v2
[Boundary] overload(string) -> v2
[Boundary] overload(int) -> v2
[Boundary] generic<String> -> v1, value=hello
[Boundary] generic<Int32> -> v1, value=99
[Boundary] static void -> v2
[Boundary] static ret -> v2
[Boundary] static out -> v2
[Boundary] overload(string) -> v2
[Boundary] overload(int) -> v2
[Boundary] generic<String> -> v1, value=hello
[Boundary] generic<Int32> -> v1, value=99
[Boundary] static void -> v2
[Boundary] static ret -> v2
[Boundary] static out -> v2
[Boundary] overload(string) -> v2
[Boundary] overload(int) -> v2
[Boundary] generic<String> -> v1, value=hello
[Boundary] generic<Int32> -> v1, value=99
[Boundary] static void -> v2
[Boundary] static ret -> v2
[Boundary] static out -> v2
[Boundary] overload(string) -> v2
[Boundary] overload(int) -> v2
[Boundary] generic<String> -> v1, value=hello
[Boundary] generic<Int32> -> v1, value=99
[Boundary] static void -> v2
[Boundary] static ret -> v2
[Boundary] static out -> v2
[Boundary] overload(string) -> v2
[Boundary] overload(int) -> v2
[Boundary] generic<String> -> v1, value=hello
[Boundary] generic<Int32> -> v1, value=99
[Boundary] Round=90: all calls completed
[Boundary] static void -> v2
[Boundary] static ret -> v2
[Boundary] static out -> v2
[Boundary] overload(string) -> v2
[Boundary] overload(int) -> v2
[Boundary] generic<String> -> v1, value=hello
[Boundary] generic<Int32> -> v1, value=99
[Boundary] static void -> v2
[Boundary] static ret -> v2
[Boundary] static out -> v2
[Boundary] overload(string) -> v2
[Boundary] overload(int) -> v2
[Boundary] generic<String> -> v1, value=hello
[Boundary] generic<Int32> -> v1, value=99
[Boundary] static void -> v2
[Boundary] static ret -> v2
[Boundary] static out -> v2
[Boundary] overload(string) -> v2
[Boundary] overload(int) -> v2
[Boundary] generic<String> -> v1, value=hello
[Boundary] generic<Int32> -> v1, value=99
[Boundary] static void -> v2
[Boundary] static ret -> v2
[Boundary] static out -> v2
[Boundary] overload(string) -> v2
[Boundary] overload(int) -> v2
[Boundary] generic<String> -> v1, value=hello
[Boundary] generic<Int32> -> v1, value=99
[Boundary] static void -> v2
[Boundary] static ret -> v2
[Boundary] static out -> v2
[Boundary] overload(string) -> v2
[Boundary] overload(int) -> v2
[Boundary] generic<String> -> v1, value=hello
[Boundary] generic<Int32> -> v1, value=99
[Boundary] static void -> v2
[Boundary] static ret -> v2
[Boundary] static out -> v2
[Boundary] overload(string) -> v2
[Boundary] overload(int) -> v2
[Boundary] generic<String> -> v1, value=hello
[Boundary] generic<Int32> -> v1, value=99
[Boundary] static void -> v2
[Boundary] static ret -> v2
[Boundary] static out -> v2
[Boundary] overload(string) -> v2
[Boundary] overload(int) -> v2
[Boundary] generic<String> -> v1, value=hello
[Boundary] generic<Int32> -> v1, value=99
[Boundary] static void -> v2
[Boundary] static ret -> v2
[Boundary] static out -> v2
[Boundary] overload(string) -> v2
[Boundary] overload(int) -> v2
[Boundary] generic<String> -> v1, value=hello
[Boundary] generic<Int32> -> v1, value=99
[Boundary] static void -> v2
[Boundary] static ret -> v2
[Boundary] static out -> v2
[Boundary] overload(string) -> v2
[Boundary] overload(int) -> v2
[Boundary] generic<String> -> v1, value=hello
[Boundary] generic<Int32> -> v1, value=99
[Boundary] static void -> v2
[Boundary] static ret -> v2
[Boundary] static out -> v2
[Boundary] overload(string) -> v2
[Boundary] overload(int) -> v2
[Boundary] generic<String> -> v1, value=hello
[Boundary] generic<Int32> -> v1, value=99
[Boundary] Round=100: all calls completed
[Boundary] static void -> v2
[Boundary] static ret -> v2
[Boundary] static out -> v2
[Boundary] overload(string) -> v2
[Boundary] overload(int) -> v2
[Boundary] generic<String> -> v1, value=hello
[Boundary] generic<Int32> -> v1, value=99
[Boundary] static void -> v2
[Boundary] static ret -> v2
[Boundary] static out -> v2
[Boundary] overload(string) -> v2
[Boundary] overload(int) -> v2
[Boundary] generic<String> -> v1, value=hello
[Boundary] generic<Int32> -> v1, value=99
[Boundary] static void -> v2
[Boundary] static ret -> v2
[Boundary] static out -> v2
[Boundary] overload(string) -> v2
[Boundary] overload(int) -> v2
[Boundary] generic<String> -> v1, value=hello
[Boundary] generic<Int32> -> v1, value=99
[Boundary] static void -> v2
[Boundary] static ret -> v2
[Boundary] static out -> v2
[Boundary] overload(string) -> v2
[Boundary] overload(int) -> v2
[Boundary] generic<String> -> v1, value=hello
[Boundary] generic<Int32> -> v1, value=99
[Boundary] static void -> v2
[Boundary] static ret -> v2
[Boundary] static out -> v2
[Boundary] overload(string) -> v2
[Boundary] overload(int) -> v2
[Boundary] generic<String> -> v1, value=hello
[Boundary] generic<Int32> -> v1, value=99
[Boundary] static void -> v2
[Boundary] static ret -> v2
[Boundary] static out -> v2
[Boundary] overload(string) -> v2
[Boundary] overload(int) -> v2
[Boundary] generic<String> -> v1, value=hello
[Boundary] generic<Int32> -> v1, value=99
[Boundary] static void -> v2
[Boundary] static ret -> v2
[Boundary] static out -> v2
[Boundary] overload(string) -> v2
[Boundary] overload(int) -> v2
[Boundary] generic<String> -> v1, value=hello
[Boundary] generic<Int32> -> v1, value=99
[Boundary] static void -> v2
[Boundary] static ret -> v2
[Boundary] static out -> v2
[Boundary] overload(string) -> v2
[Boundary] overload(int) -> v2
[Boundary] generic<String> -> v1, value=hello
[Boundary] generic<Int32> -> v1, value=99
[Boundary] static void -> v2
[Boundary] static ret -> v2
[Boundary] static out -> v2
[Boundary] overload(string) -> v2
[Boundary] overload(int) -> v2
[Boundary] generic<String> -> v1, value=hello
[Boundary] generic<Int32> -> v1, value=99
[Boundary] static void -> v2
[Boundary] static ret -> v2
[Boundary] static out -> v2
[Boundary] overload(string) -> v2
[Boundary] overload(int) -> v2
[Boundary] generic<String> -> v1, value=hello
[Boundary] generic<Int32> -> v1, value=99
[Boundary] Round=110: all calls completed
[Boundary] static void -> v2
[Boundary] static ret -> v2
[Boundary] static out -> v2
[Boundary] overload(string) -> v2
[Boundary] overload(int) -> v2
[Boundary] generic<String> -> v1, value=hello
[Boundary] generic<Int32> -> v1, value=99
[Boundary] static void -> v2
[Boundary] static ret -> v2
[Boundary] static out -> v2
[Boundary] overload(string) -> v2
[Boundary] overload(int) -> v2
[Boundary] generic<String> -> v1, value=hello
[Boundary] generic<Int32> -> v1, value=99
[Boundary] static void -> v2
[Boundary] static ret -> v2
[Boundary] static out -> v2
[Boundary] overload(string) -> v2
[Boundary] overload(int) -> v2
[Boundary] generic<String> -> v1, value=hello
[Boundary] generic<Int32> -> v1, value=99
[Boundary] static void -> v2
[Boundary] static ret -> v2
[Boundary] static out -> v2
[Boundary] overload(string) -> v2
[Boundary] overload(int) -> v2
[Boundary] generic<String> -> v1, value=hello
[Boundary] generic<Int32> -> v1, value=99
[Boundary] static void -> v2
[Boundary] static ret -> v2
[Boundary] static out -> v2
[Boundary] overload(string) -> v2
[Boundary] overload(int) -> v2
[Boundary] generic<String> -> v1, value=hello
[Boundary] generic<Int32> -> v1, value=99
[Boundary] static void -> v2
[Boundary] static ret -> v2
[Boundary] static out -> v2
[Boundary] overload(string) -> v2
[Boundary] overload(int) -> v2
[Boundary] generic<String> -> v1, value=hello
[Boundary] generic<Int32> -> v1, value=99
[Boundary] static void -> v2
[Boundary] static ret -> v2
[Boundary] static out -> v2
[Boundary] overload(string) -> v2
[Boundary] overload(int) -> v2
[Boundary] generic<String> -> v1, value=hello
[Boundary] generic<Int32> -> v1, value=99
[Boundary] static void -> v2
[Boundary] static ret -> v2
[Boundary] static out -> v2
[Boundary] overload(string) -> v2
[Boundary] overload(int) -> v2
[Boundary] generic<String> -> v1, value=hello
[Boundary] generic<Int32> -> v1, value=99
[Boundary] static void -> v2
[Boundary] static ret -> v2
[Boundary] static out -> v2
[Boundary] overload(string) -> v2
[Boundary] overload(int) -> v2
[Boundary] generic<String> -> v1, value=hello
[Boundary] generic<Int32> -> v1, value=99
[Boundary] static void -> v2
[Boundary] static ret -> v2
[Boundary] static out -> v2
[Boundary] overload(string) -> v2
[Boundary] overload(int) -> v2
[Boundary] generic<String> -> v1, value=hello
[Boundary] generic<Int32> -> v1, value=99
[Boundary] Round=120: all calls completed
[Boundary] static void -> v2
[Boundary] static ret -> v2
[Boundary] static out -> v2
[Boundary] overload(string) -> v2
[Boundary] overload(int) -> v2
[Boundary] generic<String> -> v1, value=hello
[Boundary] generic<Int32> -> v1, value=99
[Boundary] static void -> v2
[Boundary] static ret -> v2
[Boundary] static out -> v2
[Boundary] overload(string) -> v2
[Boundary] overload(int) -> v2
[Boundary] generic<String> -> v1, value=hello
[Boundary] generic<Int32> -> v1, value=99
[Boundary] static void -> v2
[Boundary] static ret -> v2
[Boundary] static out -> v2
[Boundary] overload(string) -> v2
[Boundary] overload(int) -> v2
[Boundary] generic<String> -> v1, value=hello
[Boundary] generic<Int32> -> v1, value=99
[Boundary] static void -> v2
[Boundary] static ret -> v2
[Boundary] static out -> v2
[Boundary] overload(string) -> v2
[Boundary] overload(int) -> v2
[Boundary] generic<String> -> v1, value=hello
[Boundary] generic<Int32> -> v1, value=99
[Boundary] static void -> v2
[Boundary] static ret -> v2
[Boundary] static out -> v2
[Boundary] overload(string) -> v2
[Boundary] overload(int) -> v2
[Boundary] generic<String> -> v1, value=hello
[Boundary] generic<Int32> -> v1, value=99
[Boundary] static void -> v2
[Boundary] static ret -> v2
[Boundary] static out -> v2
[Boundary] overload(string) -> v2
[Boundary] overload(int) -> v2
[Boundary] generic<String> -> v1, value=hello
[Boundary] generic<Int32> -> v1, value=99
[Boundary] static void -> v2
[Boundary] static ret -> v2
[Boundary] static out -> v2
[Boundary] overload(string) -> v2
[Boundary] overload(int) -> v2
[Boundary] generic<String> -> v1, value=hello
[Boundary] generic<Int32> -> v1, value=99
[Boundary] static void -> v2
[Boundary] static ret -> v2
[Boundary] static out -> v2
[Boundary] overload(string) -> v2
[Boundary] overload(int) -> v2
[Boundary] generic<String> -> v1, value=hello
[Boundary] generic<Int32> -> v1, value=99
[Boundary] static void -> v2
[Boundary] static ret -> v2
[Boundary] static out -> v2
[Boundary] overload(string) -> v2
[Boundary] overload(int) -> v2
[Boundary] generic<String> -> v1, value=hello
[Boundary] generic<Int32> -> v1, value=99
[Boundary] static void -> v2
[Boundary] static ret -> v2
[Boundary] static out -> v2
[Boundary] overload(string) -> v2
[Boundary] overload(int) -> v2
[Boundary] generic<String> -> v1, value=hello
[Boundary] generic<Int32> -> v1, value=99
[Boundary] Round=130: all calls completed
[Boundary] static void -> v2
[Boundary] static ret -> v2
[Boundary] static out -> v2
[Boundary] overload(string) -> v2
[Boundary] overload(int) -> v2
[Boundary] generic<String> -> v1, value=hello
[Boundary] generic<Int32> -> v1, value=99
[Boundary] static void -> v2
[Boundary] static ret -> v2
[Boundary] static out -> v2
[Boundary] overload(string) -> v2
[Boundary] overload(int) -> v2
[Boundary] generic<String> -> v1, value=hello
[Boundary] generic<Int32> -> v1, value=99
[Boundary] static void -> v2
[Boundary] static ret -> v2
[Boundary] static out -> v2
[Boundary] overload(string) -> v2
[Boundary] overload(int) -> v2
[Boundary] generic<String> -> v1, value=hello
[Boundary] generic<Int32> -> v1, value=99
[Boundary] static void -> v2
[Boundary] static ret -> v2
[Boundary] static out -> v2
[Boundary] overload(string) -> v2
[Boundary] overload(int) -> v2
[Boundary] generic<String> -> v1, value=hello
[Boundary] generic<Int32> -> v1, value=99
[Boundary] static void -> v2
[Boundary] static ret -> v2
[Boundary] static out -> v2
[Boundary] overload(string) -> v2
[Boundary] overload(int) -> v2
[Boundary] generic<String> -> v1, value=hello
[Boundary] generic<Int32> -> v1, value=99
[Boundary] static void -> v2
[Boundary] static ret -> v2
[Boundary] static out -> v2
[Boundary] overload(string) -> v2
[Boundary] overload(int) -> v2
[Boundary] generic<String> -> v1, value=hello
[Boundary] generic<Int32> -> v1, value=99
[Boundary] static void -> v2
[Boundary] static ret -> v2
[Boundary] static out -> v2
[Boundary] overload(string) -> v2
[Boundary] overload(int) -> v2
[Boundary] generic<String> -> v1, value=hello
[Boundary] generic<Int32> -> v1, value=99
[Boundary] static void -> v2
[Boundary] static ret -> v2
[Boundary] static out -> v2
[Boundary] overload(string) -> v2
[Boundary] overload(int) -> v2
[Boundary] generic<String> -> v1, value=hello
[Boundary] generic<Int32> -> v1, value=99
[Boundary] static void -> v2
[Boundary] static ret -> v2
[Boundary] static out -> v2
[Boundary] overload(string) -> v2
[Boundary] overload(int) -> v2
[Boundary] generic<String> -> v1, value=hello
[Boundary] generic<Int32> -> v1, value=99
[Boundary] static void -> v2
[Boundary] static ret -> v2
[Boundary] static out -> v2
[Boundary] overload(string) -> v2
[Boundary] overload(int) -> v2
[Boundary] generic<String> -> v1, value=hello
[Boundary] generic<Int32> -> v1, value=99
[Boundary] Round=140: all calls completed
[Boundary] static void -> v2
[Boundary] static ret -> v2
[Boundary] static out -> v2
[Boundary] overload(string) -> v2
[Boundary] overload(int) -> v2
[Boundary] generic<String> -> v1, value=hello
[Boundary] generic<Int32> -> v1, value=99
[Boundary] static void -> v2
[Boundary] static ret -> v2
[Boundary] static out -> v2
[Boundary] overload(string) -> v2
[Boundary] overload(int) -> v2
[Boundary] generic<String> -> v1, value=hello
[Boundary] generic<Int32> -> v1, value=99
[Boundary] static void -> v2
[Boundary] static ret -> v2
[Boundary] static out -> v2
[Boundary] overload(string) -> v2
[Boundary] overload(int) -> v2
[Boundary] generic<String> -> v1, value=hello
[Boundary] generic<Int32> -> v1, value=99
[Boundary] static void -> v2
[Boundary] static ret -> v2
[Boundary] static out -> v2
[Boundary] overload(string) -> v2
[Boundary] overload(int) -> v2
[Boundary] generic<String> -> v1, value=hello
[Boundary] generic<Int32> -> v1, value=99
[Boundary] static void -> v2
[Boundary] static ret -> v2
[Boundary] static out -> v2
[Boundary] overload(string) -> v2
[Boundary] overload(int) -> v2
[Boundary] generic<String> -> v1, value=hello
[Boundary] generic<Int32> -> v1, value=99
[Boundary] static void -> v2
[Boundary] static ret -> v2
[Boundary] static out -> v2
[Boundary] overload(string) -> v2
[Boundary] overload(int) -> v2
[Boundary] generic<String> -> v1, value=hello
[Boundary] generic<Int32> -> v1, value=99
[Boundary] static void -> v2
[Boundary] static ret -> v2
[Boundary] static out -> v2
[Boundary] overload(string) -> v2
[Boundary] overload(int) -> v2
[Boundary] generic<String> -> v1, value=hello
[Boundary] generic<Int32> -> v1, value=99
[Boundary] static void -> v2
[Boundary] static ret -> v2
[Boundary] static out -> v2
[Boundary] overload(string) -> v2
[Boundary] overload(int) -> v2
[Boundary] generic<String> -> v1, value=hello
[Boundary] generic<Int32> -> v1, value=99
[Boundary] static void -> v2
[Boundary] static ret -> v2
[Boundary] static out -> v2
[Boundary] overload(string) -> v2
[Boundary] overload(int) -> v2
[Boundary] generic<String> -> v1, value=hello
[Boundary] generic<Int32> -> v1, value=99
[Boundary] static void -> v2
[Boundary] static ret -> v2
[Boundary] static out -> v2
[Boundary] overload(string) -> v2
[Boundary] overload(int) -> v2
[Boundary] generic<String> -> v1, value=hello
[Boundary] generic<Int32> -> v1, value=99
[Boundary] Round=150: all calls completed
[Boundary] static void -> v2
[Boundary] static ret -> v2
[Boundary] static out -> v2
[Boundary] overload(string) -> v2
[Boundary] overload(int) -> v2
[Boundary] generic<String> -> v1, value=hello
[Boundary] generic<Int32> -> v1, value=99
[Boundary] static void -> v2
[Boundary] static ret -> v2
[Boundary] static out -> v2
[Boundary] overload(string) -> v2
[Boundary] overload(int) -> v2
[Boundary] generic<String> -> v1, value=hello
[Boundary] generic<Int32> -> v1, value=99
[Boundary] static void -> v2
[Boundary] static ret -> v2
[Boundary] static out -> v2
[Boundary] overload(string) -> v2
[Boundary] overload(int) -> v2
[Boundary] generic<String> -> v1, value=hello
[Boundary] generic<Int32> -> v1, value=99
[Boundary] static void -> v2
[Boundary] static ret -> v2
[Boundary] static out -> v2
[Boundary] overload(string) -> v2
[Boundary] overload(int) -> v2
[Boundary] generic<String> -> v1, value=hello
[Boundary] generic<Int32> -> v1, value=99
[Boundary] static void -> v2
[Boundary] static ret -> v2
[Boundary] static out -> v2
[Boundary] overload(string) -> v2
[Boundary] overload(int) -> v2
[Boundary] generic<String> -> v1, value=hello
[Boundary] generic<Int32> -> v1, value=99
[Boundary] static void -> v2
[Boundary] static ret -> v2
[Boundary] static out -> v2
[Boundary] overload(string) -> v2
[Boundary] overload(int) -> v2
[Boundary] generic<String> -> v1, value=hello
[Boundary] generic<Int32> -> v1, value=99
[Boundary] static void -> v2
[Boundary] static ret -> v2
[Boundary] static out -> v2
[Boundary] overload(string) -> v2
[Boundary] overload(int) -> v2
[Boundary] generic<String> -> v1, value=hello
[Boundary] generic<Int32> -> v1, value=99
[Boundary] static void -> v2
[Boundary] static ret -> v2
[Boundary] static out -> v2
[Boundary] overload(string) -> v2
[Boundary] overload(int) -> v2
[Boundary] generic<String> -> v1, value=hello
[Boundary] generic<Int32> -> v1, value=99
[Boundary] static void -> v2
[Boundary] static ret -> v2
[Boundary] static out -> v2
[Boundary] overload(string) -> v2
[Boundary] overload(int) -> v2
[Boundary] generic<String> -> v1, value=hello
[Boundary] generic<Int32> -> v1, value=99
[Boundary] static void -> v2
[Boundary] static ret -> v2
[Boundary] static out -> v2
[Boundary] overload(string) -> v2
[Boundary] overload(int) -> v2
[Boundary] generic<String> -> v1, value=hello
[Boundary] generic<Int32> -> v1, value=99
[Boundary] Round=160: all calls completed
[Boundary] static void -> v2
[Boundary] static ret -> v2
[Boundary] static out -> v2
[Boundary] overload(string) -> v2
[Boundary] overload(int) -> v2
[Boundary] generic<String> -> v1, value=hello
[Boundary] generic<Int32> -> v1, value=99
[Boundary] static void -> v2
[Boundary] static ret -> v2
[Boundary] static out -> v2
[Boundary] overload(string) -> v2
[Boundary] overload(int) -> v2
[Boundary] generic<String> -> v1, value=hello
[Boundary] generic<Int32> -> v1, value=99
[Boundary] static void -> v2
[Boundary] static ret -> v2
[Boundary] static out -> v2
[Boundary] overload(string) -> v2
[Boundary] overload(int) -> v2
[Boundary] generic<String> -> v1, value=hello
[Boundary] generic<Int32> -> v1, value=99
[Boundary] static void -> v2
[Boundary] static ret -> v2
[Boundary] static out -> v2
[Boundary] overload(string) -> v2
[Boundary] overload(int) -> v2
[Boundary] generic<String> -> v1, value=hello
[Boundary] generic<Int32> -> v1, value=99
[Boundary] static void -> v2
[Boundary] static ret -> v2
[Boundary] static out -> v2
[Boundary] overload(string) -> v2
[Boundary] overload(int) -> v2
[Boundary] generic<String> -> v1, value=hello
[Boundary] generic<Int32> -> v1, value=99
[Boundary] static void -> v2
[Boundary] static ret -> v2
[Boundary] static out -> v2
[Boundary] overload(string) -> v2
[Boundary] overload(int) -> v2
[Boundary] generic<String> -> v1, value=hello
[Boundary] generic<Int32> -> v1, value=99
[Boundary] static void -> v2
[Boundary] static ret -> v2
[Boundary] static out -> v2
[Boundary] overload(string) -> v2
[Boundary] overload(int) -> v2
[Boundary] generic<String> -> v1, value=hello
[Boundary] generic<Int32> -> v1, value=99
[Boundary] static void -> v2
[Boundary] static ret -> v2
[Boundary] static out -> v2
[Boundary] overload(string) -> v2
[Boundary] overload(int) -> v2
[Boundary] generic<String> -> v1, value=hello
[Boundary] generic<Int32> -> v1, value=99
[Boundary] static void -> v2
[Boundary] static ret -> v2
[Boundary] static out -> v2
[Boundary] overload(string) -> v2
[Boundary] overload(int) -> v2
[Boundary] generic<String> -> v1, value=hello
[Boundary] generic<Int32> -> v1, value=99
[Boundary] static void -> v2
[Boundary] static ret -> v2
[Boundary] static out -> v2
[Boundary] overload(string) -> v2
[Boundary] overload(int) -> v2
[Boundary] generic<String> -> v1, value=hello
[Boundary] generic<Int32> -> v1, value=99
[Boundary] Round=170: all calls completed
[Boundary] static void -> v2
[Boundary] static ret -> v2
[Boundary] static out -> v2
[Boundary] overload(string) -> v2
[Boundary] overload(int) -> v2
[Boundary] generic<String> -> v1, value=hello
[Boundary] generic<Int32> -> v1, value=99
[Boundary] static void -> v2
[Boundary] static ret -> v2
[Boundary] static out -> v2
[Boundary] overload(string) -> v2
[Boundary] overload(int) -> v2
[Boundary] generic<String> -> v1, value=hello
[Boundary] generic<Int32> -> v1, value=99
[Boundary] static void -> v2
[Boundary] static ret -> v2
[Boundary] static out -> v2
[Boundary] overload(string) -> v2
[Boundary] overload(int) -> v2
[Boundary] generic<String> -> v1, value=hello
[Boundary] generic<Int32> -> v1, value=99
[Boundary] static void -> v2
[Boundary] static ret -> v2
[Boundary] static out -> v2
[Boundary] overload(string) -> v2
[Boundary] overload(int) -> v2
[Boundary] generic<String> -> v1, value=hello
[Boundary] generic<Int32> -> v1, value=99
[Boundary] static void -> v2
[Boundary] static ret -> v2
[Boundary] static out -> v2
[Boundary] overload(string) -> v2
[Boundary] overload(int) -> v2
[Boundary] generic<String> -> v1, value=hello
[Boundary] generic<Int32> -> v1, value=99
[Boundary] static void -> v2
[Boundary] static ret -> v2
[Boundary] static out -> v2
[Boundary] overload(string) -> v2
[Boundary] overload(int) -> v2
[Boundary] generic<String> -> v1, value=hello
[Boundary] generic<Int32> -> v1, value=99
[Boundary] static void -> v2
[Boundary] static ret -> v2
[Boundary] static out -> v2
[Boundary] overload(string) -> v2
[Boundary] overload(int) -> v2
[Boundary] generic<String> -> v1, value=hello
[Boundary] generic<Int32> -> v1, value=99
[Boundary] static void -> v2
[Boundary] static ret -> v2
[Boundary] static out -> v2
[Boundary] overload(string) -> v2
[Boundary] overload(int) -> v2
[Boundary] generic<String> -> v1, value=hello
[Boundary] generic<Int32> -> v1, value=99
[Boundary] static void -> v2
[Boundary] static ret -> v2
[Boundary] static out -> v2
[Boundary] overload(string) -> v2
[Boundary] overload(int) -> v2
[Boundary] generic<String> -> v1, value=hello
[Boundary] generic<Int32> -> v1, value=99
[Boundary] static void -> v2
[Boundary] static ret -> v2
[Boundary] static out -> v2
[Boundary] overload(string) -> v2
[Boundary] overload(int) -> v2
[Boundary] generic<String> -> v1, value=hello
[Boundary] generic<Int32> -> v1, value=99
[Boundary] Round=180: all calls completed
[Boundary] static void -> v2
[Boundary] static ret -> v2
[Boundary] static out -> v2
[Boundary] overload(string) -> v2
[Boundary] overload(int) -> v2
[Boundary] generic<String> -> v1, value=hello
[Boundary] generic<Int32> -> v1, value=99
[Boundary] static void -> v2
[Boundary] static ret -> v2
[Boundary] static out -> v2
[Boundary] overload(string) -> v2
[Boundary] overload(int) -> v2
[Boundary] generic<String> -> v1, value=hello
[Boundary] generic<Int32> -> v1, value=99
[Boundary] static void -> v2
[Boundary] static ret -> v2
[Boundary] static out -> v2
[Boundary] overload(string) -> v2
[Boundary] overload(int) -> v2
[Boundary] generic<String> -> v1, value=hello
[Boundary] generic<Int32> -> v1, value=99
[Boundary] static void -> v2
[Boundary] static ret -> v2
[Boundary] static out -> v2
[Boundary] overload(string) -> v2
[Boundary] overload(int) -> v2
[Boundary] generic<String> -> v1, value=hello
[Boundary] generic<Int32> -> v1, value=99
[Boundary] static void -> v2
[Boundary] static ret -> v2
[Boundary] static out -> v2
[Boundary] overload(string) -> v2
[Boundary] overload(int) -> v2
[Boundary] generic<String> -> v1, value=hello
[Boundary] generic<Int32> -> v1, value=99
[Boundary] static void -> v2
[Boundary] static ret -> v2
[Boundary] static out -> v2
[Boundary] overload(string) -> v2
[Boundary] overload(int) -> v2
[Boundary] generic<String> -> v1, value=hello
[Boundary] generic<Int32> -> v1, value=99
[Boundary] static void -> v2
[Boundary] static ret -> v2
[Boundary] static out -> v2
[Boundary] overload(string) -> v2
[Boundary] overload(int) -> v2
[Boundary] generic<String> -> v1, value=hello
[Boundary] generic<Int32> -> v1, value=99
[Boundary] static void -> v2
[Boundary] static ret -> v2
[Boundary] static out -> v2
[Boundary] overload(string) -> v2
[Boundary] overload(int) -> v2
[Boundary] generic<String> -> v1, value=hello
[Boundary] generic<Int32> -> v1, value=99
[Boundary] static void -> v2
[Boundary] static ret -> v2
[Boundary] static out -> v2
[Boundary] overload(string) -> v2
[Boundary] overload(int) -> v2
[Boundary] generic<String> -> v1, value=hello
[Boundary] generic<Int32> -> v1, value=99
[Boundary] static void -> v2
[Boundary] static ret -> v2
[Boundary] static out -> v2
[Boundary] overload(string) -> v2
[Boundary] overload(int) -> v2
[Boundary] generic<String> -> v1, value=hello
[Boundary] generic<Int32> -> v1, value=99
[Boundary] Round=190: all calls completed
[Boundary] static void -> v2
[Boundary] static ret -> v2
[Boundary] static out -> v2
[Boundary] overload(string) -> v2
[Boundary] overload(int) -> v2
[Boundary] generic<String> -> v1, value=hello
[Boundary] generic<Int32> -> v1, value=99
[Boundary] static void -> v2
[Boundary] static ret -> v2
[Boundary] static out -> v2
[Boundary] overload(string) -> v2
[Boundary] overload(int) -> v2
[Boundary] generic<String> -> v1, value=hello
[Boundary] generic<Int32> -> v1, value=99
[Boundary] static void -> v2
[Boundary] static ret -> v2
[Boundary] static out -> v2
[Boundary] overload(string) -> v2
[Boundary] overload(int) -> v2
[Boundary] generic<String> -> v1, value=hello
[Boundary] generic<Int32> -> v1, value=99
[Boundary] static void -> v2
[Boundary] static ret -> v2
[Boundary] static out -> v2
[Boundary] overload(string) -> v2
[Boundary] overload(int) -> v2
[Boundary] generic<String> -> v1, value=hello
[Boundary] generic<Int32> -> v1, value=99
[Boundary] static void -> v2
[Boundary] static ret -> v2
[Boundary] static out -> v2
[Boundary] overload(string) -> v2
[Boundary] overload(int) -> v2
[Boundary] generic<String> -> v1, value=hello
[Boundary] generic<Int32> -> v1, value=99
[Boundary] static void -> v2
[Boundary] static ret -> v2
[Boundary] static out -> v2
[Boundary] overload(string) -> v2
[Boundary] overload(int) -> v2
[Boundary] generic<String> -> v1, value=hello
[Boundary] generic<Int32> -> v1, value=99
[Boundary] static void -> v2
[Boundary] static ret -> v2
[Boundary] static out -> v2
[Boundary] overload(string) -> v2
[Boundary] overload(int) -> v2
[Boundary] generic<String> -> v1, value=hello
[Boundary] generic<Int32> -> v1, value=99
[Boundary] static void -> v2
[Boundary] static ret -> v2
[Boundary] static out -> v2
[Boundary] overload(string) -> v2
[Boundary] overload(int) -> v2
[Boundary] generic<String> -> v1, value=hello
[Boundary] generic<Int32> -> v1, value=99
[Boundary] static void -> v2
[Boundary] static ret -> v2
[Boundary] static out -> v2
[Boundary] overload(string) -> v2
[Boundary] overload(int) -> v2
[Boundary] generic<String> -> v1, value=hello
[Boundary] generic<Int32> -> v1, value=99
[Boundary] static void -> v2
[Boundary] static ret -> v2
[Boundary] static out -> v2
[Boundary] overload(string) -> v2
[Boundary] overload(int) -> v2
[Boundary] generic<String> -> v1, value=hello
[Boundary] generic<Int32> -> v1, value=99
[Boundary] Round=200: all calls completed
[Boundary] static void -> v2
[Boundary] static ret -> v2
[Boundary] static out -> v2
[Boundary] overload(string) -> v2
[Boundary] overload(int) -> v2
[Boundary] generic<String> -> v1, value=hello
[Boundary] generic<Int32> -> v1, value=99
[Boundary] static void -> v2
[Boundary] static ret -> v2
[Boundary] static out -> v2
[Boundary] overload(string) -> v2
[Boundary] overload(int) -> v2
[Boundary] generic<String> -> v1, value=hello
[Boundary] generic<Int32> -> v1, value=99
[Boundary] static void -> v2
[Boundary] static ret -> v2
[Boundary] static out -> v2
[Boundary] overload(string) -> v2
[Boundary] overload(int) -> v2
[Boundary] generic<String> -> v1, value=hello
[Boundary] generic<Int32> -> v1, value=99
